../Drivers/STM32F1xx_HAL_Driver/Inc/stm32f1xx_ll_gpio.h:803:22:LL_GPIO_SetOutputPin	16	static
../Drivers/STM32F1xx_HAL_Driver/Inc/stm32f1xx_ll_gpio.h:832:22:LL_GPIO_ResetOutputPin	16	static
../Core/Src/ILI9341_STM32_Driver.c:8:6:HAL_SPI_TxCpltCallback	16	static
../Core/Src/ILI9341_STM32_Driver.c:20:13:ILI9341_SPI_Tx	16	static
../Core/Src/ILI9341_STM32_Driver.c:43:6:ILI9341_WriteCommand	16	static
../Core/Src/ILI9341_STM32_Driver.c:48:6:ILI9341_WriteData	16	static
../Core/Src/ILI9341_STM32_Driver.c:53:6:ILI9341_WriteBuffer	16	static
../Core/Src/ILI9341_STM32_Driver.c:58:6:ILI9341_SetAddress	32	static
../Core/Src/ILI9341_STM32_Driver.c:80:6:ILI9341_Reset	8	static
../Core/Src/ILI9341_STM32_Driver.c:94:6:ILI9341_Enable	8	static
../Core/Src/ILI9341_STM32_Driver.c:99:6:ILI9341_Init	8	static
../Core/Src/ILI9341_STM32_Driver.c:235:6:ILI9341_SetRotation	16	static
../Core/Src/ILI9341_STM32_Driver.c:267:6:ILI9341_DrawColor	24	static
../Core/Src/ILI9341_STM32_Driver.c:273:6:ILI9341_DrawColorBurst	80	dynamic
../Core/Src/ILI9341_STM32_Driver.c:314:6:ILI9341_FillScreen	16	static
../Core/Src/ILI9341_STM32_Driver.c:320:6:ILI9341_DrawPixel	32	static
../Core/Src/ILI9341_STM32_Driver.c:338:6:ILI9341_DrawRectangle	24	static
../Core/Src/ILI9341_STM32_Driver.c:356:6:ILI9341_DrawHLine	24	static
../Core/Src/ILI9341_STM32_Driver.c:369:6:ILI9341_DrawVLine	24	static
../Core/Src/ILI9341_STM32_Driver.c:382:6:LL_digitalWrite	16	static
../Core/Src/ILI9341_STM32_Driver.c:392:6:ILI9341_WritePin	16	static
