Archive member included to satisfy reference by file (symbol)

c:/st/stm32cubeide_1.9.0/stm32cubeide/plugins/com.st.stm32cube.ide.mcu.externaltools.gnu-tools-for-stm32.10.3-2021.10.win32_1.0.0.202111181127/tools/bin/../lib/gcc/arm-none-eabi/10.3.1/../../../../arm-none-eabi/lib/thumb/v7-m/nofp\libc_nano.a(lib_a-errno.o)
                              ./Core/Src/syscalls.o (__errno)
c:/st/stm32cubeide_1.9.0/stm32cubeide/plugins/com.st.stm32cube.ide.mcu.externaltools.gnu-tools-for-stm32.10.3-2021.10.win32_1.0.0.202111181127/tools/bin/../lib/gcc/arm-none-eabi/10.3.1/../../../../arm-none-eabi/lib/thumb/v7-m/nofp\libc_nano.a(lib_a-exit.o)
                              c:/st/stm32cubeide_1.9.0/stm32cubeide/plugins/com.st.stm32cube.ide.mcu.externaltools.gnu-tools-for-stm32.10.3-2021.10.win32_1.0.0.202111181127/tools/bin/../lib/gcc/arm-none-eabi/10.3.1/../../../../arm-none-eabi/lib/thumb/v7-m/nofp/crt0.o (exit)
c:/st/stm32cubeide_1.9.0/stm32cubeide/plugins/com.st.stm32cube.ide.mcu.externaltools.gnu-tools-for-stm32.10.3-2021.10.win32_1.0.0.202111181127/tools/bin/../lib/gcc/arm-none-eabi/10.3.1/../../../../arm-none-eabi/lib/thumb/v7-m/nofp\libc_nano.a(lib_a-impure.o)
                              c:/st/stm32cubeide_1.9.0/stm32cubeide/plugins/com.st.stm32cube.ide.mcu.externaltools.gnu-tools-for-stm32.10.3-2021.10.win32_1.0.0.202111181127/tools/bin/../lib/gcc/arm-none-eabi/10.3.1/../../../../arm-none-eabi/lib/thumb/v7-m/nofp\libc_nano.a(lib_a-exit.o) (_global_impure_ptr)
c:/st/stm32cubeide_1.9.0/stm32cubeide/plugins/com.st.stm32cube.ide.mcu.externaltools.gnu-tools-for-stm32.10.3-2021.10.win32_1.0.0.202111181127/tools/bin/../lib/gcc/arm-none-eabi/10.3.1/../../../../arm-none-eabi/lib/thumb/v7-m/nofp\libc_nano.a(lib_a-init.o)
                              c:/st/stm32cubeide_1.9.0/stm32cubeide/plugins/com.st.stm32cube.ide.mcu.externaltools.gnu-tools-for-stm32.10.3-2021.10.win32_1.0.0.202111181127/tools/bin/../lib/gcc/arm-none-eabi/10.3.1/../../../../arm-none-eabi/lib/thumb/v7-m/nofp/crt0.o (__libc_init_array)
c:/st/stm32cubeide_1.9.0/stm32cubeide/plugins/com.st.stm32cube.ide.mcu.externaltools.gnu-tools-for-stm32.10.3-2021.10.win32_1.0.0.202111181127/tools/bin/../lib/gcc/arm-none-eabi/10.3.1/../../../../arm-none-eabi/lib/thumb/v7-m/nofp\libc_nano.a(lib_a-memset.o)
                              c:/st/stm32cubeide_1.9.0/stm32cubeide/plugins/com.st.stm32cube.ide.mcu.externaltools.gnu-tools-for-stm32.10.3-2021.10.win32_1.0.0.202111181127/tools/bin/../lib/gcc/arm-none-eabi/10.3.1/../../../../arm-none-eabi/lib/thumb/v7-m/nofp/crt0.o (memset)
c:/st/stm32cubeide_1.9.0/stm32cubeide/plugins/com.st.stm32cube.ide.mcu.externaltools.gnu-tools-for-stm32.10.3-2021.10.win32_1.0.0.202111181127/tools/bin/../lib/gcc/arm-none-eabi/10.3.1/../../../../arm-none-eabi/lib/thumb/v7-m/nofp\libc_nano.a(lib_a-sprintf.o)
                              ./Core/Src/main.o (sprintf)
c:/st/stm32cubeide_1.9.0/stm32cubeide/plugins/com.st.stm32cube.ide.mcu.externaltools.gnu-tools-for-stm32.10.3-2021.10.win32_1.0.0.202111181127/tools/bin/../lib/gcc/arm-none-eabi/10.3.1/../../../../arm-none-eabi/lib/thumb/v7-m/nofp\libc_nano.a(lib_a-nano-svfprintf.o)
                              c:/st/stm32cubeide_1.9.0/stm32cubeide/plugins/com.st.stm32cube.ide.mcu.externaltools.gnu-tools-for-stm32.10.3-2021.10.win32_1.0.0.202111181127/tools/bin/../lib/gcc/arm-none-eabi/10.3.1/../../../../arm-none-eabi/lib/thumb/v7-m/nofp\libc_nano.a(lib_a-sprintf.o) (_svfprintf_r)
c:/st/stm32cubeide_1.9.0/stm32cubeide/plugins/com.st.stm32cube.ide.mcu.externaltools.gnu-tools-for-stm32.10.3-2021.10.win32_1.0.0.202111181127/tools/bin/../lib/gcc/arm-none-eabi/10.3.1/../../../../arm-none-eabi/lib/thumb/v7-m/nofp\libc_nano.a(lib_a-nano-vfprintf_i.o)
                              c:/st/stm32cubeide_1.9.0/stm32cubeide/plugins/com.st.stm32cube.ide.mcu.externaltools.gnu-tools-for-stm32.10.3-2021.10.win32_1.0.0.202111181127/tools/bin/../lib/gcc/arm-none-eabi/10.3.1/../../../../arm-none-eabi/lib/thumb/v7-m/nofp\libc_nano.a(lib_a-nano-svfprintf.o) (_printf_i)
c:/st/stm32cubeide_1.9.0/stm32cubeide/plugins/com.st.stm32cube.ide.mcu.externaltools.gnu-tools-for-stm32.10.3-2021.10.win32_1.0.0.202111181127/tools/bin/../lib/gcc/arm-none-eabi/10.3.1/../../../../arm-none-eabi/lib/thumb/v7-m/nofp\libc_nano.a(lib_a-memchr-stub.o)
                              c:/st/stm32cubeide_1.9.0/stm32cubeide/plugins/com.st.stm32cube.ide.mcu.externaltools.gnu-tools-for-stm32.10.3-2021.10.win32_1.0.0.202111181127/tools/bin/../lib/gcc/arm-none-eabi/10.3.1/../../../../arm-none-eabi/lib/thumb/v7-m/nofp\libc_nano.a(lib_a-nano-svfprintf.o) (memchr)
c:/st/stm32cubeide_1.9.0/stm32cubeide/plugins/com.st.stm32cube.ide.mcu.externaltools.gnu-tools-for-stm32.10.3-2021.10.win32_1.0.0.202111181127/tools/bin/../lib/gcc/arm-none-eabi/10.3.1/../../../../arm-none-eabi/lib/thumb/v7-m/nofp\libc_nano.a(lib_a-memcpy-stub.o)
[...]
Memory Configuration

Name             Origin             Length             Attributes
RAM              0x0000000020000000 0x0000000000005000 xrw
FLASH            0x0000000008000000 0x0000000000010000 xr
*default*        0x0000000000000000 0xffffffffffffffff

Linker script and memory map

LOAD c:/st/stm32cubeide_1.9.0/stm32cubeide/plugins/com.st.stm32cube.ide.mcu.externaltools.gnu-tools-for-stm32.10.3-2021.10.win32_1.0.0.202111181127/tools/bin/../lib/gcc/arm-none-eabi/10.3.1/thumb/v7-m/nofp/crti.o
LOAD c:/st/stm32cubeide_1.9.0/stm32cubeide/plugins/com.st.stm32cube.ide.mcu.externaltools.gnu-tools-for-stm32.10.3-2021.10.win32_1.0.0.202111181127/tools/bin/../lib/gcc/arm-none-eabi/10.3.1/thumb/v7-m/nofp/crtbegin.o
LOAD c:/st/stm32cubeide_1.9.0/stm32cubeide/plugins/com.st.stm32cube.ide.mcu.externaltools.gnu-tools-for-stm32.10.3-2021.10.win32_1.0.0.202111181127/tools/bin/../lib/gcc/arm-none-eabi/10.3.1/../../../../arm-none-eabi/lib/thumb/v7-m/nofp/crt0.o
LOAD ./Core/Src/ILI9341_GFX.o
LOAD ./Core/Src/ILI9341_GFX_OLD.o
LOAD ./Core/Src/ILI9341_STM32_Driver.o
LOAD ./Core/Src/ILI9341_STM32_Driver_OLD.o
LOAD ./Core/Src/fonts.o
LOAD ./Core/Src/main.o
LOAD ./Core/Src/stm32f1xx_hal_msp.o
LOAD ./Core/Src/stm32f1xx_it.o
LOAD ./Core/Src/syscalls.o
LOAD ./Core/Src/sysmem.o
LOAD ./Core/Src/system_stm32f1xx.o
LOAD ./Core/Startup/startup_stm32f103c8tx.o
LOAD ./Drivers/STM32F1xx_HAL_Driver/Src/stm32f1xx_hal.o
LOAD ./Drivers/STM32F1xx_HAL_Driver/Src/stm32f1xx_hal_adc.o
LOAD ./Drivers/STM32F1xx_HAL_Driver/Src/stm32f1xx_hal_adc_ex.o
LOAD ./Drivers/STM32F1xx_HAL_Driver/Src/stm32f1xx_hal_cortex.o
LOAD ./Drivers/STM32F1xx_HAL_Driver/Src/stm32f1xx_hal_dma.o
LOAD ./Drivers/STM32F1xx_HAL_Driver/Src/stm32f1xx_hal_exti.o
LOAD ./Drivers/STM32F1xx_HAL_Driver/Src/stm32f1xx_hal_flash.o
LOAD ./Drivers/STM32F1xx_HAL_Driver/Src/stm32f1xx_hal_flash_ex.o
LOAD ./Drivers/STM32F1xx_HAL_Driver/Src/stm32f1xx_hal_gpio.o
LOAD ./Drivers/STM32F1xx_HAL_Driver/Src/stm32f1xx_hal_gpio_ex.o
LOAD ./Drivers/STM32F1xx_HAL_Driver/Src/stm32f1xx_hal_i2c.o
LOAD ./Drivers/STM32F1xx_HAL_Driver/Src/stm32f1xx_hal_pwr.o
LOAD ./Drivers/STM32F1xx_HAL_Driver/Src/stm32f1xx_hal_rcc.o
LOAD ./Drivers/STM32F1xx_HAL_Driver/Src/stm32f1xx_hal_rcc_ex.o
LOAD ./Drivers/STM32F1xx_HAL_Driver/Src/stm32f1xx_hal_spi.o
LOAD ./Drivers/STM32F1xx_HAL_Driver/Src/stm32f1xx_hal_tim.o
LOAD ./Drivers/STM32F1xx_HAL_Driver/Src/stm32f1xx_hal_tim_ex.o
LOAD ./Drivers/STM32F1xx_HAL_Driver/Src/stm32f1xx_hal_uart.o
LOAD ./Drivers/STM32F1xx_HAL_Driver/Src/stm32f1xx_ll_exti.o
LOAD ./Drivers/STM32F1xx_HAL_Driver/Src/stm32f1xx_ll_gpio.o
LOAD ./Drivers/STM32F1xx_HAL_Driver/Src/stm32f1xx_ll_rcc.o
LOAD ./Drivers/STM32F1xx_HAL_Driver/Src/stm32f1xx_ll_utils.o
START GROUP
LOAD c:/st/stm32cubeide_1.9.0/stm32cubeide/plugins/com.st.stm32cube.ide.mcu.externaltools.gnu-tools-for-stm32.10.3-2021.10.win32_1.0.0.202111181127/tools/bin/../lib/gcc/arm-none-eabi/10.3.1/../../../../arm-none-eabi/lib/thumb/v7-m/nofp\libc_nano.a
LOAD c:/st/stm32cubeide_1.9.0/stm32cubeide/plugins/com.st.stm32cube.ide.mcu.externaltools.gnu-tools-for-stm32.10.3-2021.10.win32_1.0.0.202111181127/tools/bin/../lib/gcc/arm-none-eabi/10.3.1/../../../../arm-none-eabi/lib/thumb/v7-m/nofp\libm.a
END GROUP
START GROUP
LOAD c:/st/stm32cubeide_1.9.0/stm32cubeide/plugins/com.st.stm32cube.ide.mcu.externaltools.gnu-tools-for-stm32.10.3-2021.10.win32_1.0.0.202111181127/tools/bin/../lib/gcc/arm-none-eabi/10.3.1/thumb/v7-m/nofp\libgcc.a
LOAD c:/st/stm32cubeide_1.9.0/stm32cubeide/plugins/com.st.stm32cube.ide.mcu.externaltools.gnu-tools-for-stm32.10.3-2021.10.win32_1.0.0.202111181127/tools/bin/../lib/gcc/arm-none-eabi/10.3.1/../../../../arm-none-eabi/lib/thumb/v7-m/nofp\libc_nano.a
END GROUP
START GROUP
LOAD c:/st/stm32cubeide_1.9.0/stm32cubeide/plugins/com.st.stm32cube.ide.mcu.externaltools.gnu-tools-for-stm32.10.3-2021.10.win32_1.0.0.202111181127/tools/bin/../lib/gcc/arm-none-eabi/10.3.1/thumb/v7-m/nofp\libgcc.a
LOAD c:/st/stm32cubeide_1.9.0/stm32cubeide/plugins/com.st.stm32cube.ide.mcu.externaltools.gnu-tools-for-stm32.10.3-2021.10.win32_1.0.0.202111181127/tools/bin/../lib/gcc/arm-none-eabi/10.3.1/../../../../arm-none-eabi/lib/thumb/v7-m/nofp\libc_nano.a
LOAD c:/st/stm32cubeide_1.9.0/stm32cubeide/plugins/com.st.stm32cube.ide.mcu.externaltools.gnu-tools-for-stm32.10.3-2021.10.win32_1.0.0.202111181127/tools/bin/../lib/gcc/arm-none-eabi/10.3.1/../../../../arm-none-eabi/lib/thumb/v7-m/nofp\libnosys.a
END GROUP
START GROUP
LOAD c:/st/stm32cubeide_1.9.0/stm32cubeide/plugins/com.st.stm32cube.ide.mcu.externaltools.gnu-tools-for-stm32.10.3-2021.10.win32_1.0.0.202111181127/tools/bin/../lib/gcc/arm-none-eabi/10.3.1/thumb/v7-m/nofp\libgcc.a
LOAD c:/st/stm32cubeide_1.9.0/stm32cubeide/plugins/com.st.stm32cube.ide.mcu.externaltools.gnu-tools-for-stm32.10.3-2021.10.win32_1.0.0.202111181127/tools/bin/../lib/gcc/arm-none-eabi/10.3.1/../../../../arm-none-eabi/lib/thumb/v7-m/nofp\libc_nano.a
LOAD c:/st/stm32cubeide_1.9.0/stm32cubeide/plugins/com.st.stm32cube.ide.mcu.externaltools.gnu-tools-for-stm32.10.3-2021.10.win32_1.0.0.202111181127/tools/bin/../lib/gcc/arm-none-eabi/10.3.1/../../../../arm-none-eabi/lib/thumb/v7-m/nofp\libnosys.a
END GROUP
LOAD c:/st/stm32cubeide_1.9.0/stm32cubeide/plugins/com.st.stm32cube.ide.mcu.externaltools.gnu-tools-for-stm32.10.3-2021.10.win32_1.0.0.202111181127/tools/bin/../lib/gcc/arm-none-eabi/10.3.1/thumb/v7-m/nofp/crtend.o
LOAD c:/st/stm32cubeide_1.9.0/stm32cubeide/plugins/com.st.stm32cube.ide.mcu.externaltools.gnu-tools-for-stm32.10.3-2021.10.win32_1.0.0.202111181127/tools/bin/../lib/gcc/arm-none-eabi/10.3.1/thumb/v7-m/nofp/crtn.o
                0x0000000020005000                _estack = (ORIGIN (RAM) + LENGTH (RAM))
                0x0000000000000200                _Min_Heap_Size = 0x200
                0x0000000000000400                _Min_Stack_Size = 0x400

.isr_vector     0x0000000008000000      0x10c
                0x0000000008000000                . = ALIGN (0x4)
 *(.isr_vector)
 .isr_vector    0x0000000008000000      0x10c ./Core/Startup/startup_stm32f103c8tx.o
                0x0000000008000000                g_pfnVectors
                0x000000000800010c                . = ALIGN (0x4)

.text           0x000000000800010c     0x7158
                0x000000000800010c                . = ALIGN (0x4)
 *(.text)
 .text          0x000000000800010c       0x40 c:/st/stm32cubeide_1.9.0/stm32cubeide/plugins/com.st.stm32cube.ide.mcu.externaltools.gnu-tools-for-stm32.10.3-2021.10.win32_1.0.0.202111181127/tools/bin/../lib/gcc/arm-none-eabi/10.3.1/thumb/v7-m/nofp/crtbegin.o
 .text          0x000000000800014c      0x21c c:/st/stm32cubeide_1.9.0/stm32cubeide/plugins/com.st.stm32cube.ide.mcu.externaltools.gnu-tools-for-stm32.10.3-2021.10.win32_1.0.0.202111181127/tools/bin/../lib/gcc/arm-none-eabi/10.3.1/thumb/v7-m/nofp\libgcc.a(_arm_addsubsf3.o)
                0x000000000800014c                __aeabi_frsub
                0x0000000008000154                __subsf3
                0x0000000008000154                __aeabi_fsub
                0x0000000008000158                __aeabi_fadd
                0x0000000008000158                __addsf3
                0x00000000080002b8                __aeabi_ui2f
                0x00000000080002b8                __floatunsisf
                0x00000000080002c0                __aeabi_i2f
                0x00000000080002c0                __floatsisf
                0x00000000080002dc                __aeabi_ul2f
                0x00000000080002dc                __floatundisf
                0x00000000080002ec                __aeabi_l2f
                0x00000000080002ec                __floatdisf
 .text          0x0000000008000368       0xec c:/st/stm32cubeide_1.9.0/stm32cubeide/plugins/com.st.stm32cube.ide.mcu.externaltools.gnu-tools-for-stm32.10.3-2021.10.win32_1.0.0.202111181127/tools/bin/../lib/gcc/arm-none-eabi/10.3.1/thumb/v7-m/nofp\libgcc.a(_arm_cmpsf2.o)
                0x0000000008000368                __gesf2
                0x0000000008000368                __gtsf2
                0x0000000008000370                __lesf2
                0x0000000008000370                __ltsf2
                0x0000000008000378                __nesf2
                0x0000000008000378                __eqsf2
                0x0000000008000378                __cmpsf2
                0x00000000080003d8                __aeabi_cfrcmple
                0x00000000080003e0                __aeabi_cfcmpeq
                0x00000000080003e0                __aeabi_cfcmple
                0x00000000080003f0                __aeabi_fcmpeq
                0x0000000008000404                __aeabi_fcmplt
                0x0000000008000418                __aeabi_fcmple
                0x000000000800042c                __aeabi_fcmpge
                0x0000000008000440                __aeabi_fcmpgt
 *(.text*)
 .text.ILI9341_DrawHollowCircle
                0x0000000008000454      0x16c ./Core/Src/ILI9341_GFX.o
                0x0000000008000454                ILI9341_DrawHollowCircle
 .text.ILI9341_DrawFilledCircle
                0x00000000080005c0      0x110 ./Core/Src/ILI9341_GFX.o
                0x00000000080005c0                ILI9341_DrawFilledCircle
 .text.ILI9341_DrawHollowRectangleCoord
                0x00000000080006d0      0x102 ./Core/Src/ILI9341_GFX.o
                0x00000000080006d0                ILI9341_DrawHollowRectangleCoord
 .text.ILI9341_DrawChar
                0x00000000080007d2       0xea ./Core/Src/ILI9341_GFX.o
                0x00000000080007d2                ILI9341_DrawChar
 .text.ILI9341_DrawText
                0x00000000080008bc       0x92 ./Core/Src/ILI9341_GFX.o
                0x00000000080008bc                ILI9341_DrawText
 .text.LL_GPIO_SetOutputPin
                0x000000000800094e       0x1e ./Core/Src/ILI9341_STM32_Driver.o
 .text.LL_GPIO_ResetOutputPin
                0x000000000800096c       0x1e ./Core/Src/ILI9341_STM32_Driver.o
 *fill*         0x000000000800098a        0x2 
 .text.HAL_SPI_TxCpltCallback
                0x000000000800098c       0x34 ./Core/Src/ILI9341_STM32_Driver.o
                0x000000000800098c                HAL_SPI_TxCpltCallback
 .text.ILI9341_SPI_Tx
                0x00000000080009c0       0x70 ./Core/Src/ILI9341_STM32_Driver.o
 .text.ILI9341_WriteCommand
                0x0000000008000a30       0x1e ./Core/Src/ILI9341_STM32_Driver.o
                0x0000000008000a30                ILI9341_WriteCommand
 .text.ILI9341_WriteData
                0x0000000008000a4e       0x1e ./Core/Src/ILI9341_STM32_Driver.o
                0x0000000008000a4e                ILI9341_WriteData
 .text.ILI9341_WriteBuffer
                0x0000000008000a6c       0x22 ./Core/Src/ILI9341_STM32_Driver.o
                0x0000000008000a6c                ILI9341_WriteBuffer
 .text.ILI9341_SetAddress
                0x0000000008000a8e       0x90 ./Core/Src/ILI9341_STM32_Driver.o
                0x0000000008000a8e                ILI9341_SetAddress
 *fill*         0x0000000008000b1e        0x2 
 .text.ILI9341_Reset
                0x0000000008000b20       0x44 ./Core/Src/ILI9341_STM32_Driver.o
                0x0000000008000b20                ILI9341_Reset
 .text.ILI9341_Enable
                0x0000000008000b64       0x18 ./Core/Src/ILI9341_STM32_Driver.o
                0x0000000008000b64                ILI9341_Enable
 .text.ILI9341_Init
                0x0000000008000b7c      0x214 ./Core/Src/ILI9341_STM32_Driver.o
                0x0000000008000b7c                ILI9341_Init
 .text.ILI9341_SetRotation
                0x0000000008000d90       0xa0 ./Core/Src/ILI9341_STM32_Driver.o
                0x0000000008000d90                ILI9341_SetRotation
 .text.ILI9341_DrawColorBurst
                0x0000000008000e30      0x12c ./Core/Src/ILI9341_STM32_Driver.o
                0x0000000008000e30                ILI9341_DrawColorBurst
 .text.ILI9341_FillScreen
                0x0000000008000f5c       0x4c ./Core/Src/ILI9341_STM32_Driver.o
                0x0000000008000f5c                ILI9341_FillScreen
 .text.ILI9341_DrawPixel
                0x0000000008000fa8       0xcc ./Core/Src/ILI9341_STM32_Driver.o
                0x0000000008000fa8                ILI9341_DrawPixel
 .text.ILI9341_DrawRectangle
                0x0000000008001074       0xb8 ./Core/Src/ILI9341_STM32_Driver.o
                0x0000000008001074                ILI9341_DrawRectangle
 .text.ILI9341_DrawHLine
                0x000000000800112c       0x88 ./Core/Src/ILI9341_STM32_Driver.o
                0x000000000800112c                ILI9341_DrawHLine
 .text.ILI9341_DrawVLine
                0x00000000080011b4       0x88 ./Core/Src/ILI9341_STM32_Driver.o
                0x00000000080011b4                ILI9341_DrawVLine
 .text.LL_digitalWrite
                0x000000000800123c       0x34 ./Core/Src/ILI9341_STM32_Driver.o
                0x000000000800123c                LL_digitalWrite
 .text.ILI9341_WritePin
                0x0000000008001270       0x24 ./Core/Src/ILI9341_STM32_Driver.o
                0x0000000008001270                ILI9341_WritePin
 .text.LL_GPIO_ResetOutputPin
                0x0000000008001294       0x1e ./Core/Src/main.o
 *fill*         0x00000000080012b2        0x2 
 .text.LL_APB2_GRP1_EnableClock
                0x00000000080012b4       0x30 ./Core/Src/main.o
 .text.main     0x00000000080012e4       0x4c ./Core/Src/main.o
                0x00000000080012e4                main
 .text.SystemClock_Config
                0x0000000008001330       0xb6 ./Core/Src/main.o
                0x0000000008001330                SystemClock_Config
 *fill*         0x00000000080013e6        0x2 
 .text.MX_ADC1_Init
                0x00000000080013e8       0xf0 ./Core/Src/main.o
 .text.MX_I2C1_Init
                0x00000000080014d8       0x5c ./Core/Src/main.o
 .text.MX_SPI1_Init
                0x0000000008001534       0x6c ./Core/Src/main.o
 .text.MX_TIM1_Init
                0x00000000080015a0       0xa0 ./Core/Src/main.o
 .text.MX_TIM4_Init
                0x0000000008001640       0xb4 ./Core/Src/main.o
 .text.MX_USART1_UART_Init
                0x00000000080016f4       0x54 ./Core/Src/main.o
 .text.MX_DMA_Init
                0x0000000008001748       0x3c ./Core/Src/main.o
 .text.MX_GPIO_Init
                0x0000000008001784      0x140 ./Core/Src/main.o
 .text.new_LCD_demo
                0x00000000080018c4      0x268 ./Core/Src/main.o
                0x00000000080018c4                new_LCD_demo
 .text.Error_Handler
                0x0000000008001b2c        0xa ./Core/Src/main.o
                0x0000000008001b2c                Error_Handler
 *fill*         0x0000000008001b36        0x2 
 .text.HAL_MspInit
                0x0000000008001b38       0x64 ./Core/Src/stm32f1xx_hal_msp.o
                0x0000000008001b38                HAL_MspInit
 .text.HAL_ADC_MspInit
                0x0000000008001b9c       0x78 ./Core/Src/stm32f1xx_hal_msp.o
                0x0000000008001b9c                HAL_ADC_MspInit
 .text.HAL_I2C_MspInit
                0x0000000008001c14       0x8c ./Core/Src/stm32f1xx_hal_msp.o
                0x0000000008001c14                HAL_I2C_MspInit
 .text.HAL_SPI_MspInit
                0x0000000008001ca0       0xd0 ./Core/Src/stm32f1xx_hal_msp.o
                0x0000000008001ca0                HAL_SPI_MspInit
 .text.HAL_TIM_Base_MspInit
                0x0000000008001d70       0x3c ./Core/Src/stm32f1xx_hal_msp.o
                0x0000000008001d70                HAL_TIM_Base_MspInit
 .text.HAL_TIM_PWM_MspInit
                0x0000000008001dac       0x3c ./Core/Src/stm32f1xx_hal_msp.o
                0x0000000008001dac                HAL_TIM_PWM_MspInit
 .text.HAL_TIM_MspPostInit
                0x0000000008001de8       0x68 ./Core/Src/stm32f1xx_hal_msp.o
                0x0000000008001de8                HAL_TIM_MspPostInit
 .text.HAL_UART_MspInit
                0x0000000008001e50       0x98 ./Core/Src/stm32f1xx_hal_msp.o
                0x0000000008001e50                HAL_UART_MspInit
 .text.NMI_Handler
                0x0000000008001ee8        0x6 ./Core/Src/stm32f1xx_it.o
                0x0000000008001ee8                NMI_Handler
 .text.HardFault_Handler
                0x0000000008001eee        0x6 ./Core/Src/stm32f1xx_it.o
                0x0000000008001eee                HardFault_Handler
 .text.MemManage_Handler
                0x0000000008001ef4        0x6 ./Core/Src/stm32f1xx_it.o
                0x0000000008001ef4                MemManage_Handler
 .text.BusFault_Handler
                0x0000000008001efa        0x6 ./Core/Src/stm32f1xx_it.o
                0x0000000008001efa                BusFault_Handler
 .text.UsageFault_Handler
                0x0000000008001f00        0x6 ./Core/Src/stm32f1xx_it.o
                0x0000000008001f00                UsageFault_Handler
 .text.SVC_Handler
                0x0000000008001f06        0xc ./Core/Src/stm32f1xx_it.o
                0x0000000008001f06                SVC_Handler
 .text.DebugMon_Handler
                0x0000000008001f12        0xc ./Core/Src/stm32f1xx_it.o
                0x0000000008001f12                DebugMon_Handler
 .text.PendSV_Handler
                0x0000000008001f1e        0xc ./Core/Src/stm32f1xx_it.o
                0x0000000008001f1e                PendSV_Handler
 .text.SysTick_Handler
                0x0000000008001f2a        0xc ./Core/Src/stm32f1xx_it.o
                0x0000000008001f2a                SysTick_Handler
 *fill*         0x0000000008001f36        0x2 
 .text.DMA1_Channel3_IRQHandler
                0x0000000008001f38       0x14 ./Core/Src/stm32f1xx_it.o
                0x0000000008001f38                DMA1_Channel3_IRQHandler
 .text.I2C1_EV_IRQHandler
                0x0000000008001f4c       0x14 ./Core/Src/stm32f1xx_it.o
                0x0000000008001f4c                I2C1_EV_IRQHandler
 .text._sbrk    0x0000000008001f60       0x6c ./Core/Src/sysmem.o
                0x0000000008001f60                _sbrk
 .text.SystemInit
                0x0000000008001fcc        0xc ./Core/Src/system_stm32f1xx.o
                0x0000000008001fcc                SystemInit
 .text.Reset_Handler
                0x0000000008001fd8       0x48 ./Core/Startup/startup_stm32f103c8tx.o
                0x0000000008001fd8                Reset_Handler
 .text.Default_Handler
                0x0000000008002020        0x2 ./Core/Startup/startup_stm32f103c8tx.o
                0x0000000008002020                RTC_Alarm_IRQHandler
                0x0000000008002020                EXTI2_IRQHandler
                0x0000000008002020                TIM1_CC_IRQHandler
                0x0000000008002020                PVD_IRQHandler
                0x0000000008002020                EXTI3_IRQHandler
                0x0000000008002020                EXTI0_IRQHandler
                0x0000000008002020                I2C2_EV_IRQHandler
                0x0000000008002020                ADC1_2_IRQHandler
                0x0000000008002020                SPI1_IRQHandler
                0x0000000008002020                TAMPER_IRQHandler
                0x0000000008002020                DMA1_Channel4_IRQHandler
                0x0000000008002020                USART3_IRQHandler
                0x0000000008002020                RTC_IRQHandler
                0x0000000008002020                DMA1_Channel7_IRQHandler
                0x0000000008002020                CAN1_RX1_IRQHandler
                0x0000000008002020                TIM4_IRQHandler
                0x0000000008002020                DMA1_Channel6_IRQHandler
                0x0000000008002020                TIM3_IRQHandler
                0x0000000008002020                RCC_IRQHandler
                0x0000000008002020                TIM1_TRG_COM_IRQHandler
                0x0000000008002020                DMA1_Channel1_IRQHandler
                0x0000000008002020                Default_Handler
                0x0000000008002020                EXTI15_10_IRQHandler
                0x0000000008002020                EXTI9_5_IRQHandler
                0x0000000008002020                SPI2_IRQHandler
                0x0000000008002020                DMA1_Channel5_IRQHandler
                0x0000000008002020                EXTI4_IRQHandler
                0x0000000008002020                USB_LP_CAN1_RX0_IRQHandler
                0x0000000008002020                USB_HP_CAN1_TX_IRQHandler
                0x0000000008002020                TIM1_UP_IRQHandler
                0x0000000008002020                WWDG_IRQHandler
                0x0000000008002020                TIM2_IRQHandler
                0x0000000008002020                TIM1_BRK_IRQHandler
                0x0000000008002020                EXTI1_IRQHandler
                0x0000000008002020                USART2_IRQHandler
                0x0000000008002020                I2C2_ER_IRQHandler
                0x0000000008002020                DMA1_Channel2_IRQHandler
                0x0000000008002020                CAN1_SCE_IRQHandler
                0x0000000008002020                FLASH_IRQHandler
                0x0000000008002020                USART1_IRQHandler
                0x0000000008002020                I2C1_ER_IRQHandler
                0x0000000008002020                USBWakeUp_IRQHandler
 *fill*         0x0000000008002022        0x2 
 .text.HAL_Init
                0x0000000008002024       0x2c ./Drivers/STM32F1xx_HAL_Driver/Src/stm32f1xx_hal.o
                0x0000000008002024                HAL_Init
 .text.HAL_InitTick
                0x0000000008002050       0x60 ./Drivers/STM32F1xx_HAL_Driver/Src/stm32f1xx_hal.o
                0x0000000008002050                HAL_InitTick
 .text.HAL_IncTick
                0x00000000080020b0       0x24 ./Drivers/STM32F1xx_HAL_Driver/Src/stm32f1xx_hal.o
                0x00000000080020b0                HAL_IncTick
 .text.HAL_GetTick
                0x00000000080020d4       0x14 ./Drivers/STM32F1xx_HAL_Driver/Src/stm32f1xx_hal.o
                0x00000000080020d4                HAL_GetTick
 .text.HAL_Delay
                0x00000000080020e8       0x48 ./Drivers/STM32F1xx_HAL_Driver/Src/stm32f1xx_hal.o
                0x00000000080020e8                HAL_Delay
 .text.HAL_ADC_Init
                0x0000000008002130      0x1b0 ./Drivers/STM32F1xx_HAL_Driver/Src/stm32f1xx_hal_adc.o
                0x0000000008002130                HAL_ADC_Init
 .text.HAL_ADC_ConfigChannel
                0x00000000080022e0      0x1f0 ./Drivers/STM32F1xx_HAL_Driver/Src/stm32f1xx_hal_adc.o
                0x00000000080022e0                HAL_ADC_ConfigChannel
 .text.ADC_ConversionStop_Disable
                0x00000000080024d0       0x82 ./Drivers/STM32F1xx_HAL_Driver/Src/stm32f1xx_hal_adc.o
                0x00000000080024d0                ADC_ConversionStop_Disable
 *fill*         0x0000000008002552        0x2 
 .text.__NVIC_SetPriorityGrouping
                0x0000000008002554       0x48 ./Drivers/STM32F1xx_HAL_Driver/Src/stm32f1xx_hal_cortex.o
 .text.__NVIC_GetPriorityGrouping
                0x000000000800259c       0x1c ./Drivers/STM32F1xx_HAL_Driver/Src/stm32f1xx_hal_cortex.o
 .text.__NVIC_EnableIRQ
                0x00000000080025b8       0x38 ./Drivers/STM32F1xx_HAL_Driver/Src/stm32f1xx_hal_cortex.o
 .text.__NVIC_SetPriority
                0x00000000080025f0       0x54 ./Drivers/STM32F1xx_HAL_Driver/Src/stm32f1xx_hal_cortex.o
 .text.NVIC_EncodePriority
                0x0000000008002644       0x64 ./Drivers/STM32F1xx_HAL_Driver/Src/stm32f1xx_hal_cortex.o
 .text.SysTick_Config
                0x00000000080026a8       0x44 ./Drivers/STM32F1xx_HAL_Driver/Src/stm32f1xx_hal_cortex.o
 .text.HAL_NVIC_SetPriorityGrouping
                0x00000000080026ec       0x16 ./Drivers/STM32F1xx_HAL_Driver/Src/stm32f1xx_hal_cortex.o
                0x00000000080026ec                HAL_NVIC_SetPriorityGrouping
 .text.HAL_NVIC_SetPriority
                0x0000000008002702       0x38 ./Drivers/STM32F1xx_HAL_Driver/Src/stm32f1xx_hal_cortex.o
                0x0000000008002702                HAL_NVIC_SetPriority
 .text.HAL_NVIC_EnableIRQ
                0x000000000800273a       0x1c ./Drivers/STM32F1xx_HAL_Driver/Src/stm32f1xx_hal_cortex.o
                0x000000000800273a                HAL_NVIC_EnableIRQ
 .text.HAL_SYSTICK_Config
                0x0000000008002756       0x18 ./Drivers/STM32F1xx_HAL_Driver/Src/stm32f1xx_hal_cortex.o
                0x0000000008002756                HAL_SYSTICK_Config
 *fill*         0x000000000800276e        0x2 
 .text.HAL_DMA_Init
                0x0000000008002770       0xb4 ./Drivers/STM32F1xx_HAL_Driver/Src/stm32f1xx_hal_dma.o
                0x0000000008002770                HAL_DMA_Init
 .text.HAL_DMA_Start_IT
                0x0000000008002824       0xc0 ./Drivers/STM32F1xx_HAL_Driver/Src/stm32f1xx_hal_dma.o
                0x0000000008002824                HAL_DMA_Start_IT
 .text.HAL_DMA_Abort_IT
                0x00000000080028e4       0xf0 ./Drivers/STM32F1xx_HAL_Driver/Src/stm32f1xx_hal_dma.o
                0x00000000080028e4                HAL_DMA_Abort_IT
 .text.HAL_DMA_IRQHandler
                0x00000000080029d4      0x20c ./Drivers/STM32F1xx_HAL_Driver/Src/stm32f1xx_hal_dma.o
                0x00000000080029d4                HAL_DMA_IRQHandler
 .text.HAL_DMA_GetState
                0x0000000008002be0       0x1a ./Drivers/STM32F1xx_HAL_Driver/Src/stm32f1xx_hal_dma.o
                0x0000000008002be0                HAL_DMA_GetState
 .text.DMA_SetConfig
                0x0000000008002bfa       0x5a ./Drivers/STM32F1xx_HAL_Driver/Src/stm32f1xx_hal_dma.o
 .text.HAL_GPIO_Init
                0x0000000008002c54      0x308 ./Drivers/STM32F1xx_HAL_Driver/Src/stm32f1xx_hal_gpio.o
                0x0000000008002c54                HAL_GPIO_Init
 .text.HAL_I2C_Init
                0x0000000008002f5c      0x288 ./Drivers/STM32F1xx_HAL_Driver/Src/stm32f1xx_hal_i2c.o
                0x0000000008002f5c                HAL_I2C_Init
 .text.I2C_Flush_DR
                0x00000000080031e4       0x28 ./Drivers/STM32F1xx_HAL_Driver/Src/stm32f1xx_hal_i2c.o
 .text.HAL_I2C_EV_IRQHandler
                0x000000000800320c      0x2e2 ./Drivers/STM32F1xx_HAL_Driver/Src/stm32f1xx_hal_i2c.o
                0x000000000800320c                HAL_I2C_EV_IRQHandler
 .text.HAL_I2C_MasterTxCpltCallback
                0x00000000080034ee       0x12 ./Drivers/STM32F1xx_HAL_Driver/Src/stm32f1xx_hal_i2c.o
                0x00000000080034ee                HAL_I2C_MasterTxCpltCallback
 .text.HAL_I2C_MasterRxCpltCallback
                0x0000000008003500       0x12 ./Drivers/STM32F1xx_HAL_Driver/Src/stm32f1xx_hal_i2c.o
                0x0000000008003500                HAL_I2C_MasterRxCpltCallback
 .text.HAL_I2C_SlaveTxCpltCallback
                0x0000000008003512       0x12 ./Drivers/STM32F1xx_HAL_Driver/Src/stm32f1xx_hal_i2c.o
                0x0000000008003512                HAL_I2C_SlaveTxCpltCallback
 .text.HAL_I2C_SlaveRxCpltCallback
                0x0000000008003524       0x12 ./Drivers/STM32F1xx_HAL_Driver/Src/stm32f1xx_hal_i2c.o
                0x0000000008003524                HAL_I2C_SlaveRxCpltCallback
 .text.HAL_I2C_AddrCallback
                0x0000000008003536       0x1a ./Drivers/STM32F1xx_HAL_Driver/Src/stm32f1xx_hal_i2c.o
                0x0000000008003536                HAL_I2C_AddrCallback
 .text.HAL_I2C_ListenCpltCallback
                0x0000000008003550       0x12 ./Drivers/STM32F1xx_HAL_Driver/Src/stm32f1xx_hal_i2c.o
                0x0000000008003550                HAL_I2C_ListenCpltCallback
 .text.HAL_I2C_MemTxCpltCallback
                0x0000000008003562       0x12 ./Drivers/STM32F1xx_HAL_Driver/Src/stm32f1xx_hal_i2c.o
                0x0000000008003562                HAL_I2C_MemTxCpltCallback
 .text.HAL_I2C_MemRxCpltCallback
                0x0000000008003574       0x12 ./Drivers/STM32F1xx_HAL_Driver/Src/stm32f1xx_hal_i2c.o
                0x0000000008003574                HAL_I2C_MemRxCpltCallback
 .text.HAL_I2C_ErrorCallback
                0x0000000008003586       0x12 ./Drivers/STM32F1xx_HAL_Driver/Src/stm32f1xx_hal_i2c.o
                0x0000000008003586                HAL_I2C_ErrorCallback
 .text.HAL_I2C_AbortCpltCallback
                0x0000000008003598       0x12 ./Drivers/STM32F1xx_HAL_Driver/Src/stm32f1xx_hal_i2c.o
                0x0000000008003598                HAL_I2C_AbortCpltCallback
 .text.I2C_MasterTransmit_TXE
                0x00000000080035aa      0x138 ./Drivers/STM32F1xx_HAL_Driver/Src/stm32f1xx_hal_i2c.o
 .text.I2C_MasterTransmit_BTF
                0x00000000080036e2       0xec ./Drivers/STM32F1xx_HAL_Driver/Src/stm32f1xx_hal_i2c.o
 .text.I2C_MemoryTransmit_TXE_BTF
                0x00000000080037ce      0x130 ./Drivers/STM32F1xx_HAL_Driver/Src/stm32f1xx_hal_i2c.o
 .text.I2C_MasterReceive_RXNE
                0x00000000080038fe      0x190 ./Drivers/STM32F1xx_HAL_Driver/Src/stm32f1xx_hal_i2c.o
 .text.I2C_MasterReceive_BTF
                0x0000000008003a8e      0x1e2 ./Drivers/STM32F1xx_HAL_Driver/Src/stm32f1xx_hal_i2c.o
 .text.I2C_Master_SB
                0x0000000008003c70      0x10a ./Drivers/STM32F1xx_HAL_Driver/Src/stm32f1xx_hal_i2c.o
 .text.I2C_Master_ADD10
                0x0000000008003d7a       0x52 ./Drivers/STM32F1xx_HAL_Driver/Src/stm32f1xx_hal_i2c.o
 .text.I2C_Master_ADDR
                0x0000000008003dcc      0x336 ./Drivers/STM32F1xx_HAL_Driver/Src/stm32f1xx_hal_i2c.o
 .text.I2C_SlaveTransmit_TXE
                0x0000000008004102       0x7a ./Drivers/STM32F1xx_HAL_Driver/Src/stm32f1xx_hal_i2c.o
 .text.I2C_SlaveTransmit_BTF
                0x000000000800417c       0x40 ./Drivers/STM32F1xx_HAL_Driver/Src/stm32f1xx_hal_i2c.o
 .text.I2C_SlaveReceive_RXNE
                0x00000000080041bc       0x7c ./Drivers/STM32F1xx_HAL_Driver/Src/stm32f1xx_hal_i2c.o
 .text.I2C_SlaveReceive_BTF
                0x0000000008004238       0x42 ./Drivers/STM32F1xx_HAL_Driver/Src/stm32f1xx_hal_i2c.o
 .text.I2C_Slave_ADDR
                0x000000000800427a       0x94 ./Drivers/STM32F1xx_HAL_Driver/Src/stm32f1xx_hal_i2c.o
 *fill*         0x000000000800430e        0x2 
 .text.I2C_Slave_STOPF
                0x0000000008004310      0x260 ./Drivers/STM32F1xx_HAL_Driver/Src/stm32f1xx_hal_i2c.o
 .text.I2C_ITError
                0x0000000008004570      0x264 ./Drivers/STM32F1xx_HAL_Driver/Src/stm32f1xx_hal_i2c.o
 .text.I2C_DMAAbort
                0x00000000080047d4      0x150 ./Drivers/STM32F1xx_HAL_Driver/Src/stm32f1xx_hal_i2c.o
 .text.I2C_WaitOnSTOPRequestThroughIT
                0x0000000008004924       0x64 ./Drivers/STM32F1xx_HAL_Driver/Src/stm32f1xx_hal_i2c.o
 .text.I2C_ConvertOtherXferOptions
                0x0000000008004988       0x34 ./Drivers/STM32F1xx_HAL_Driver/Src/stm32f1xx_hal_i2c.o
 .text.HAL_RCC_OscConfig
                0x00000000080049bc      0x504 ./Drivers/STM32F1xx_HAL_Driver/Src/stm32f1xx_hal_rcc.o
                0x00000000080049bc                HAL_RCC_OscConfig
 .text.HAL_RCC_ClockConfig
                0x0000000008004ec0      0x1d4 ./Drivers/STM32F1xx_HAL_Driver/Src/stm32f1xx_hal_rcc.o
                0x0000000008004ec0                HAL_RCC_ClockConfig
 .text.HAL_RCC_GetSysClockFreq
                0x0000000008005094       0xa8 ./Drivers/STM32F1xx_HAL_Driver/Src/stm32f1xx_hal_rcc.o
                0x0000000008005094                HAL_RCC_GetSysClockFreq
 .text.HAL_RCC_GetHCLKFreq
                0x000000000800513c       0x14 ./Drivers/STM32F1xx_HAL_Driver/Src/stm32f1xx_hal_rcc.o
                0x000000000800513c                HAL_RCC_GetHCLKFreq
 .text.HAL_RCC_GetPCLK1Freq
                0x0000000008005150       0x28 ./Drivers/STM32F1xx_HAL_Driver/Src/stm32f1xx_hal_rcc.o
                0x0000000008005150                HAL_RCC_GetPCLK1Freq
 .text.HAL_RCC_GetPCLK2Freq
                0x0000000008005178       0x28 ./Drivers/STM32F1xx_HAL_Driver/Src/stm32f1xx_hal_rcc.o
                0x0000000008005178                HAL_RCC_GetPCLK2Freq
 .text.RCC_Delay
                0x00000000080051a0       0x3c ./Drivers/STM32F1xx_HAL_Driver/Src/stm32f1xx_hal_rcc.o
 .text.HAL_RCCEx_PeriphCLKConfig
                0x00000000080051dc      0x16c ./Drivers/STM32F1xx_HAL_Driver/Src/stm32f1xx_hal_rcc_ex.o
                0x00000000080051dc                HAL_RCCEx_PeriphCLKConfig
 .text.HAL_SPI_Init
                0x0000000008005348      0x108 ./Drivers/STM32F1xx_HAL_Driver/Src/stm32f1xx_hal_spi.o
                0x0000000008005348                HAL_SPI_Init
 .text.HAL_SPI_Transmit
                0x0000000008005450      0x288 ./Drivers/STM32F1xx_HAL_Driver/Src/stm32f1xx_hal_spi.o
                0x0000000008005450                HAL_SPI_Transmit
 .text.HAL_SPI_Transmit_DMA
                0x00000000080056d8      0x164 ./Drivers/STM32F1xx_HAL_Driver/Src/stm32f1xx_hal_spi.o
                0x00000000080056d8                HAL_SPI_Transmit_DMA
 .text.HAL_SPI_TxHalfCpltCallback
                0x000000000800583c       0x12 ./Drivers/STM32F1xx_HAL_Driver/Src/stm32f1xx_hal_spi.o
                0x000000000800583c                HAL_SPI_TxHalfCpltCallback
 .text.HAL_SPI_ErrorCallback
                0x000000000800584e       0x12 ./Drivers/STM32F1xx_HAL_Driver/Src/stm32f1xx_hal_spi.o
                0x000000000800584e                HAL_SPI_ErrorCallback
 .text.SPI_DMATransmitCplt
                0x0000000008005860       0xa6 ./Drivers/STM32F1xx_HAL_Driver/Src/stm32f1xx_hal_spi.o
 .text.SPI_DMAHalfTransmitCplt
                0x0000000008005906       0x1c ./Drivers/STM32F1xx_HAL_Driver/Src/stm32f1xx_hal_spi.o
 .text.SPI_DMAError
                0x0000000008005922       0x40 ./Drivers/STM32F1xx_HAL_Driver/Src/stm32f1xx_hal_spi.o
 *fill*         0x0000000008005962        0x2 
 .text.SPI_WaitFlagStateUntilTimeout
                0x0000000008005964      0x110 ./Drivers/STM32F1xx_HAL_Driver/Src/stm32f1xx_hal_spi.o
 .text.SPI_EndRxTxTransaction
                0x0000000008005a74       0x62 ./Drivers/STM32F1xx_HAL_Driver/Src/stm32f1xx_hal_spi.o
 .text.HAL_TIM_Base_Init
                0x0000000008005ad6       0x9e ./Drivers/STM32F1xx_HAL_Driver/Src/stm32f1xx_hal_tim.o
                0x0000000008005ad6                HAL_TIM_Base_Init
 .text.HAL_TIM_PWM_Init
                0x0000000008005b74       0x9e ./Drivers/STM32F1xx_HAL_Driver/Src/stm32f1xx_hal_tim.o
                0x0000000008005b74                HAL_TIM_PWM_Init
 *fill*         0x0000000008005c12        0x2 
 .text.HAL_TIM_PWM_ConfigChannel
                0x0000000008005c14      0x184 ./Drivers/STM32F1xx_HAL_Driver/Src/stm32f1xx_hal_tim.o
                0x0000000008005c14                HAL_TIM_PWM_ConfigChannel
 .text.HAL_TIM_ConfigClockSource
                0x0000000008005d98      0x18e ./Drivers/STM32F1xx_HAL_Driver/Src/stm32f1xx_hal_tim.o
                0x0000000008005d98                HAL_TIM_ConfigClockSource
 *fill*         0x0000000008005f26        0x2 
 .text.TIM_Base_SetConfig
                0x0000000008005f28       0xdc ./Drivers/STM32F1xx_HAL_Driver/Src/stm32f1xx_hal_tim.o
                0x0000000008005f28                TIM_Base_SetConfig
 .text.TIM_OC1_SetConfig
                0x0000000008006004       0xcc ./Drivers/STM32F1xx_HAL_Driver/Src/stm32f1xx_hal_tim.o
 .text.TIM_OC2_SetConfig
                0x00000000080060d0       0xd4 ./Drivers/STM32F1xx_HAL_Driver/Src/stm32f1xx_hal_tim.o
                0x00000000080060d0                TIM_OC2_SetConfig
 .text.TIM_OC3_SetConfig
                0x00000000080061a4       0xd4 ./Drivers/STM32F1xx_HAL_Driver/Src/stm32f1xx_hal_tim.o
 .text.TIM_OC4_SetConfig
                0x0000000008006278       0x9c ./Drivers/STM32F1xx_HAL_Driver/Src/stm32f1xx_hal_tim.o
 .text.TIM_TI1_ConfigInputStage
                0x0000000008006314       0x5c ./Drivers/STM32F1xx_HAL_Driver/Src/stm32f1xx_hal_tim.o
 .text.TIM_TI2_ConfigInputStage
                0x0000000008006370       0x5e ./Drivers/STM32F1xx_HAL_Driver/Src/stm32f1xx_hal_tim.o
 .text.TIM_ITRx_SetConfig
                0x00000000080063ce       0x34 ./Drivers/STM32F1xx_HAL_Driver/Src/stm32f1xx_hal_tim.o
 .text.TIM_ETR_SetConfig
                0x0000000008006402       0x3e ./Drivers/STM32F1xx_HAL_Driver/Src/stm32f1xx_hal_tim.o
                0x0000000008006402                TIM_ETR_SetConfig
 .text.HAL_TIMEx_MasterConfigSynchronization
                0x0000000008006440       0xbc ./Drivers/STM32F1xx_HAL_Driver/Src/stm32f1xx_hal_tim_ex.o
                0x0000000008006440                HAL_TIMEx_MasterConfigSynchronization
 .text.HAL_UART_Init
                0x00000000080064fc       0xa0 ./Drivers/STM32F1xx_HAL_Driver/Src/stm32f1xx_hal_uart.o
                0x00000000080064fc                HAL_UART_Init
 .text.UART_SetConfig
                0x000000000800659c      0x11c ./Drivers/STM32F1xx_HAL_Driver/Src/stm32f1xx_hal_uart.o
 .text.LL_GPIO_SetPinMode
                0x00000000080066b8       0x64 ./Drivers/STM32F1xx_HAL_Driver/Src/stm32f1xx_ll_gpio.o
 .text.LL_GPIO_SetPinSpeed
                0x000000000800671c       0x64 ./Drivers/STM32F1xx_HAL_Driver/Src/stm32f1xx_ll_gpio.o
 .text.LL_GPIO_SetPinOutputType
                0x0000000008006780       0x64 ./Drivers/STM32F1xx_HAL_Driver/Src/stm32f1xx_ll_gpio.o
 .text.LL_GPIO_SetPinPull
                0x00000000080067e4       0x44 ./Drivers/STM32F1xx_HAL_Driver/Src/stm32f1xx_ll_gpio.o
 .text.LL_GPIO_Init
                0x0000000008006828       0xcc ./Drivers/STM32F1xx_HAL_Driver/Src/stm32f1xx_ll_gpio.o
                0x0000000008006828                LL_GPIO_Init
 .text.__errno  0x00000000080068f4        0xc c:/st/stm32cubeide_1.9.0/stm32cubeide/plugins/com.st.stm32cube.ide.mcu.externaltools.gnu-tools-for-stm32.10.3-2021.10.win32_1.0.0.202111181127/tools/bin/../lib/gcc/arm-none-eabi/10.3.1/../../../../arm-none-eabi/lib/thumb/v7-m/nofp\libc_nano.a(lib_a-errno.o)
                0x00000000080068f4                __errno
 .text.__libc_init_array
                0x0000000008006900       0x48 c:/st/stm32cubeide_1.9.0/stm32cubeide/plugins/com.st.stm32cube.ide.mcu.externaltools.gnu-tools-for-stm32.10.3-2021.10.win32_1.0.0.202111181127/tools/bin/../lib/gcc/arm-none-eabi/10.3.1/../../../../arm-none-eabi/lib/thumb/v7-m/nofp\libc_nano.a(lib_a-init.o)
                0x0000000008006900                __libc_init_array
 .text.memset   0x0000000008006948       0x10 c:/st/stm32cubeide_1.9.0/stm32cubeide/plugins/com.st.stm32cube.ide.mcu.externaltools.gnu-tools-for-stm32.10.3-2021.10.win32_1.0.0.202111181127/tools/bin/../lib/gcc/arm-none-eabi/10.3.1/../../../../arm-none-eabi/lib/thumb/v7-m/nofp\libc_nano.a(lib_a-memset.o)
                0x0000000008006948                memset
 .text.sprintf  0x0000000008006958       0x40 c:/st/stm32cubeide_1.9.0/stm32cubeide/plugins/com.st.stm32cube.ide.mcu.externaltools.gnu-tools-for-stm32.10.3-2021.10.win32_1.0.0.202111181127/tools/bin/../lib/gcc/arm-none-eabi/10.3.1/../../../../arm-none-eabi/lib/thumb/v7-m/nofp\libc_nano.a(lib_a-sprintf.o)
                0x0000000008006958                siprintf
                0x0000000008006958                sprintf
 .text.__ssputs_r
                0x0000000008006998       0xb6 c:/st/stm32cubeide_1.9.0/stm32cubeide/plugins/com.st.stm32cube.ide.mcu.externaltools.gnu-tools-for-stm32.10.3-2021.10.win32_1.0.0.202111181127/tools/bin/../lib/gcc/arm-none-eabi/10.3.1/../../../../arm-none-eabi/lib/thumb/v7-m/nofp\libc_nano.a(lib_a-nano-svfprintf.o)
                0x0000000008006998                __ssputs_r
 *fill*         0x0000000008006a4e        0x2 
 .text._svfprintf_r
                0x0000000008006a50      0x200 c:/st/stm32cubeide_1.9.0/stm32cubeide/plugins/com.st.stm32cube.ide.mcu.externaltools.gnu-tools-for-stm32.10.3-2021.10.win32_1.0.0.202111181127/tools/bin/../lib/gcc/arm-none-eabi/10.3.1/../../../../arm-none-eabi/lib/thumb/v7-m/nofp\libc_nano.a(lib_a-nano-svfprintf.o)
                0x0000000008006a50                _svfiprintf_r
                0x0000000008006a50                _svfprintf_r
 .text._printf_common
                0x0000000008006c50       0xde c:/st/stm32cubeide_1.9.0/stm32cubeide/plugins/com.st.stm32cube.ide.mcu.externaltools.gnu-tools-for-stm32.10.3-2021.10.win32_1.0.0.202111181127/tools/bin/../lib/gcc/arm-none-eabi/10.3.1/../../../../arm-none-eabi/lib/thumb/v7-m/nofp\libc_nano.a(lib_a-nano-vfprintf_i.o)
                0x0000000008006c50                _printf_common
 *fill*         0x0000000008006d2e        0x2 
 .text._printf_i
                0x0000000008006d30      0x24c c:/st/stm32cubeide_1.9.0/stm32cubeide/plugins/com.st.stm32cube.ide.mcu.externaltools.gnu-tools-for-stm32.10.3-2021.10.win32_1.0.0.202111181127/tools/bin/../lib/gcc/arm-none-eabi/10.3.1/../../../../arm-none-eabi/lib/thumb/v7-m/nofp\libc_nano.a(lib_a-nano-vfprintf_i.o)
                0x0000000008006d30                _printf_i
 .text.memchr   0x0000000008006f7c       0x1c c:/st/stm32cubeide_1.9.0/stm32cubeide/plugins/com.st.stm32cube.ide.mcu.externaltools.gnu-tools-for-stm32.10.3-2021.10.win32_1.0.0.202111181127/tools/bin/../lib/gcc/arm-none-eabi/10.3.1/../../../../arm-none-eabi/lib/thumb/v7-m/nofp\libc_nano.a(lib_a-memchr-stub.o)
                0x0000000008006f7c                memchr
 .text.memcpy   0x0000000008006f98       0x1c c:/st/stm32cubeide_1.9.0/stm32cubeide/plugins/com.st.stm32cube.ide.mcu.externaltools.gnu-tools-for-stm32.10.3-2021.10.win32_1.0.0.202111181127/tools/bin/../lib/gcc/arm-none-eabi/10.3.1/../../../../arm-none-eabi/lib/thumb/v7-m/nofp\libc_nano.a(lib_a-memcpy-stub.o)
                0x0000000008006f98                memcpy
 .text.memmove  0x0000000008006fb4       0x34 c:/st/stm32cubeide_1.9.0/stm32cubeide/plugins/com.st.stm32cube.ide.mcu.externaltools.gnu-tools-for-stm32.10.3-2021.10.win32_1.0.0.202111181127/tools/bin/../lib/gcc/arm-none-eabi/10.3.1/../../../../arm-none-eabi/lib/thumb/v7-m/nofp\libc_nano.a(lib_a-memmove.o)
                0x0000000008006fb4                memmove
 .text._free_r  0x0000000008006fe8       0x90 c:/st/stm32cubeide_1.9.0/stm32cubeide/plugins/com.st.stm32cube.ide.mcu.externaltools.gnu-tools-for-stm32.10.3-2021.10.win32_1.0.0.202111181127/tools/bin/../lib/gcc/arm-none-eabi/10.3.1/../../../../arm-none-eabi/lib/thumb/v7-m/nofp\libc_nano.a(lib_a-nano-freer.o)
                0x0000000008006fe8                _free_r
 .text.sbrk_aligned
                0x0000000008007078       0x40 c:/st/stm32cubeide_1.9.0/stm32cubeide/plugins/com.st.stm32cube.ide.mcu.externaltools.gnu-tools-for-stm32.10.3-2021.10.win32_1.0.0.202111181127/tools/bin/../lib/gcc/arm-none-eabi/10.3.1/../../../../arm-none-eabi/lib/thumb/v7-m/nofp\libc_nano.a(lib_a-nano-mallocr.o)
 .text._malloc_r
                0x00000000080070b8       0xe8 c:/st/stm32cubeide_1.9.0/stm32cubeide/plugins/com.st.stm32cube.ide.mcu.externaltools.gnu-tools-for-stm32.10.3-2021.10.win32_1.0.0.202111181127/tools/bin/../lib/gcc/arm-none-eabi/10.3.1/../../../../arm-none-eabi/lib/thumb/v7-m/nofp\libc_nano.a(lib_a-nano-mallocr.o)
                0x00000000080070b8                _malloc_r
 .text._realloc_r
                0x00000000080071a0       0x5e c:/st/stm32cubeide_1.9.0/stm32cubeide/plugins/com.st.stm32cube.ide.mcu.externaltools.gnu-tools-for-stm32.10.3-2021.10.win32_1.0.0.202111181127/tools/bin/../lib/gcc/arm-none-eabi/10.3.1/../../../../arm-none-eabi/lib/thumb/v7-m/nofp\libc_nano.a(lib_a-nano-reallocr.o)
                0x00000000080071a0                _realloc_r
 *fill*         0x00000000080071fe        0x2 
 .text._sbrk_r  0x0000000008007200       0x20 c:/st/stm32cubeide_1.9.0/stm32cubeide/plugins/com.st.stm32cube.ide.mcu.externaltools.gnu-tools-for-stm32.10.3-2021.10.win32_1.0.0.202111181127/tools/bin/../lib/gcc/arm-none-eabi/10.3.1/../../../../arm-none-eabi/lib/thumb/v7-m/nofp\libc_nano.a(lib_a-sbrkr.o)
                0x0000000008007200                _sbrk_r
 .text.__malloc_lock
                0x0000000008007220        0xc c:/st/stm32cubeide_1.9.0/stm32cubeide/plugins/com.st.stm32cube.ide.mcu.externaltools.gnu-tools-for-stm32.10.3-2021.10.win32_1.0.0.202111181127/tools/bin/../lib/gcc/arm-none-eabi/10.3.1/../../../../arm-none-eabi/lib/thumb/v7-m/nofp\libc_nano.a(lib_a-mlock.o)
                0x0000000008007220                __malloc_lock
 .text.__malloc_unlock
                0x000000000800722c        0xc c:/st/stm32cubeide_1.9.0/stm32cubeide/plugins/com.st.stm32cube.ide.mcu.externaltools.gnu-tools-for-stm32.10.3-2021.10.win32_1.0.0.202111181127/tools/bin/../lib/gcc/arm-none-eabi/10.3.1/../../../../arm-none-eabi/lib/thumb/v7-m/nofp\libc_nano.a(lib_a-mlock.o)
                0x000000000800722c                __malloc_unlock
 .text._malloc_usable_size_r
                0x0000000008007238       0x10 c:/st/stm32cubeide_1.9.0/stm32cubeide/plugins/com.st.stm32cube.ide.mcu.externaltools.gnu-tools-for-stm32.10.3-2021.10.win32_1.0.0.202111181127/tools/bin/../lib/gcc/arm-none-eabi/10.3.1/../../../../arm-none-eabi/lib/thumb/v7-m/nofp\libc_nano.a(lib_a-nano-msizer.o)
                0x0000000008007238                _malloc_usable_size_r
 .text.__retarget_lock_acquire_recursive
                0x0000000008007248        0x2 c:/st/stm32cubeide_1.9.0/stm32cubeide/plugins/com.st.stm32cube.ide.mcu.externaltools.gnu-tools-for-stm32.10.3-2021.10.win32_1.0.0.202111181127/tools/bin/../lib/gcc/arm-none-eabi/10.3.1/../../../../arm-none-eabi/lib/thumb/v7-m/nofp\libc_nano.a(lib_a-lock.o)
                0x0000000008007248                __retarget_lock_acquire_recursive
 .text.__retarget_lock_release_recursive
                0x000000000800724a        0x2 c:/st/stm32cubeide_1.9.0/stm32cubeide/plugins/com.st.stm32cube.ide.mcu.externaltools.gnu-tools-for-stm32.10.3-2021.10.win32_1.0.0.202111181127/tools/bin/../lib/gcc/arm-none-eabi/10.3.1/../../../../arm-none-eabi/lib/thumb/v7-m/nofp\libc_nano.a(lib_a-lock.o)
                0x000000000800724a                __retarget_lock_release_recursive
 *(.glue_7)
 .glue_7        0x000000000800724c        0x0 linker stubs
 *(.glue_7t)
 .glue_7t       0x000000000800724c        0x0 linker stubs
 *(.eh_frame)
 .eh_frame      0x000000000800724c        0x0 c:/st/stm32cubeide_1.9.0/stm32cubeide/plugins/com.st.stm32cube.ide.mcu.externaltools.gnu-tools-for-stm32.10.3-2021.10.win32_1.0.0.202111181127/tools/bin/../lib/gcc/arm-none-eabi/10.3.1/thumb/v7-m/nofp/crtbegin.o
 *(.init)
 .init          0x000000000800724c        0x4 c:/st/stm32cubeide_1.9.0/stm32cubeide/plugins/com.st.stm32cube.ide.mcu.externaltools.gnu-tools-for-stm32.10.3-2021.10.win32_1.0.0.202111181127/tools/bin/../lib/gcc/arm-none-eabi/10.3.1/thumb/v7-m/nofp/crti.o
                0x000000000800724c                _init
 .init          0x0000000008007250        0x8 c:/st/stm32cubeide_1.9.0/stm32cubeide/plugins/com.st.stm32cube.ide.mcu.externaltools.gnu-tools-for-stm32.10.3-2021.10.win32_1.0.0.202111181127/tools/bin/../lib/gcc/arm-none-eabi/10.3.1/thumb/v7-m/nofp/crtn.o
 *(.fini)
 .fini          0x0000000008007258        0x4 c:/st/stm32cubeide_1.9.0/stm32cubeide/plugins/com.st.stm32cube.ide.mcu.externaltools.gnu-tools-for-stm32.10.3-2021.10.win32_1.0.0.202111181127/tools/bin/../lib/gcc/arm-none-eabi/10.3.1/thumb/v7-m/nofp/crti.o
                0x0000000008007258                _fini
 .fini          0x000000000800725c        0x8 c:/st/stm32cubeide_1.9.0/stm32cubeide/plugins/com.st.stm32cube.ide.mcu.externaltools.gnu-tools-for-stm32.10.3-2021.10.win32_1.0.0.202111181127/tools/bin/../lib/gcc/arm-none-eabi/10.3.1/thumb/v7-m/nofp/crtn.o
                0x0000000008007264                . = ALIGN (0x4)
                0x0000000008007264                _etext = .

.vfp11_veneer   0x0000000008007264        0x0
 .vfp11_veneer  0x0000000008007264        0x0 linker stubs

.v4_bx          0x0000000008007264        0x0
 .v4_bx         0x0000000008007264        0x0 linker stubs

.iplt           0x0000000008007264        0x0
 .iplt          0x0000000008007264        0x0 c:/st/stm32cubeide_1.9.0/stm32cubeide/plugins/com.st.stm32cube.ide.mcu.externaltools.gnu-tools-for-stm32.10.3-2021.10.win32_1.0.0.202111181127/tools/bin/../lib/gcc/arm-none-eabi/10.3.1/thumb/v7-m/nofp/crtbegin.o

.rodata         0x0000000008007264     0x1b40
                0x0000000008007264                . = ALIGN (0x4)
 *(.rodata)
 .rodata        0x0000000008007264       0x37 ./Core/Src/main.o
 *(.rodata*)
 *fill*         0x000000000800729b        0x1 
 .rodata.Arial_Narrow12x16
                0x000000000800729c      0x964 ./Core/Src/fonts.o
                0x000000000800729c                Arial_Narrow12x16
 .rodata.Arial_Narrow15x19
                0x0000000008007c00     0x1144 ./Core/Src/fonts.o
                0x0000000008007c00                Arial_Narrow15x19
 .rodata.AHBPrescTable
                0x0000000008008d44       0x10 ./Core/Src/system_stm32f1xx.o
                0x0000000008008d44                AHBPrescTable
 .rodata.APBPrescTable
                0x0000000008008d54        0x8 ./Core/Src/system_stm32f1xx.o
                0x0000000008008d54                APBPrescTable
 .rodata.aPLLMULFactorTable.1
                0x0000000008008d5c       0x10 ./Drivers/STM32F1xx_HAL_Driver/Src/stm32f1xx_hal_rcc.o
 .rodata.aPredivFactorTable.0
                0x0000000008008d6c        0x2 ./Drivers/STM32F1xx_HAL_Driver/Src/stm32f1xx_hal_rcc.o
 .rodata._svfprintf_r.str1.1
                0x0000000008008d6e       0x11 c:/st/stm32cubeide_1.9.0/stm32cubeide/plugins/com.st.stm32cube.ide.mcu.externaltools.gnu-tools-for-stm32.10.3-2021.10.win32_1.0.0.202111181127/tools/bin/../lib/gcc/arm-none-eabi/10.3.1/../../../../arm-none-eabi/lib/thumb/v7-m/nofp\libc_nano.a(lib_a-nano-svfprintf.o)
 .rodata._printf_i.str1.1
                0x0000000008008d7f       0x22 c:/st/stm32cubeide_1.9.0/stm32cubeide/plugins/com.st.stm32cube.ide.mcu.externaltools.gnu-tools-for-stm32.10.3-2021.10.win32_1.0.0.202111181127/tools/bin/../lib/gcc/arm-none-eabi/10.3.1/../../../../arm-none-eabi/lib/thumb/v7-m/nofp\libc_nano.a(lib_a-nano-vfprintf_i.o)
                0x0000000008008da4                . = ALIGN (0x4)
 *fill*         0x0000000008008da1        0x3 

.rel.dyn        0x0000000008008da4        0x0
 .rel.iplt      0x0000000008008da4        0x0 c:/st/stm32cubeide_1.9.0/stm32cubeide/plugins/com.st.stm32cube.ide.mcu.externaltools.gnu-tools-for-stm32.10.3-2021.10.win32_1.0.0.202111181127/tools/bin/../lib/gcc/arm-none-eabi/10.3.1/thumb/v7-m/nofp/crtbegin.o

.ARM.extab      0x0000000008008da4        0x0
                0x0000000008008da4                . = ALIGN (0x4)
 *(.ARM.extab* .gnu.linkonce.armextab.*)
                0x0000000008008da4                . = ALIGN (0x4)

.ARM            0x0000000008008da4        0x0
                0x0000000008008da4                . = ALIGN (0x4)
                0x0000000008008da4                __exidx_start = .
 *(.ARM.exidx*)
                0x0000000008008da4                __exidx_end = .
                0x0000000008008da4                . = ALIGN (0x4)

.preinit_array  0x0000000008008da4        0x0
                0x0000000008008da4                . = ALIGN (0x4)
                0x0000000008008da4                PROVIDE (__preinit_array_start = .)
 *(.preinit_array*)
                0x0000000008008da4                PROVIDE (__preinit_array_end = .)
                0x0000000008008da4                . = ALIGN (0x4)

.init_array     0x0000000008008da4        0x4
                0x0000000008008da4                . = ALIGN (0x4)
                0x0000000008008da4                PROVIDE (__init_array_start = .)
 *(SORT_BY_NAME(.init_array.*))
 *(.init_array*)
 .init_array    0x0000000008008da4        0x4 c:/st/stm32cubeide_1.9.0/stm32cubeide/plugins/com.st.stm32cube.ide.mcu.externaltools.gnu-tools-for-stm32.10.3-2021.10.win32_1.0.0.202111181127/tools/bin/../lib/gcc/arm-none-eabi/10.3.1/thumb/v7-m/nofp/crtbegin.o
                0x0000000008008da8                PROVIDE (__init_array_end = .)
                0x0000000008008da8                . = ALIGN (0x4)

.fini_array     0x0000000008008da8        0x4
                0x0000000008008da8                . = ALIGN (0x4)
                [!provide]                        PROVIDE (__fini_array_start = .)
 *(SORT_BY_NAME(.fini_array.*))
 *(.fini_array*)
 .fini_array    0x0000000008008da8        0x4 c:/st/stm32cubeide_1.9.0/stm32cubeide/plugins/com.st.stm32cube.ide.mcu.externaltools.gnu-tools-for-stm32.10.3-2021.10.win32_1.0.0.202111181127/tools/bin/../lib/gcc/arm-none-eabi/10.3.1/thumb/v7-m/nofp/crtbegin.o
                [!provide]                        PROVIDE (__fini_array_end = .)
                0x0000000008008dac                . = ALIGN (0x4)
                0x0000000008008dac                _sidata = LOADADDR (.data)

.data           0x0000000020000000       0x78 load address 0x0000000008008dac
                0x0000000020000000                . = ALIGN (0x4)
                0x0000000020000000                _sdata = .
 *(.data)
 *(.data*)
 .data.LCD_HEIGHT
                0x0000000020000000        0x2 ./Core/Src/ILI9341_STM32_Driver.o
                0x0000000020000000                LCD_HEIGHT
 .data.LCD_WIDTH
                0x0000000020000002        0x2 ./Core/Src/ILI9341_STM32_Driver.o
                0x0000000020000002                LCD_WIDTH
 .data.tx_completed
                0x0000000020000004        0x1 ./Core/Src/ILI9341_STM32_Driver.o
                0x0000000020000004                tx_completed
 *fill*         0x0000000020000005        0x3 
 .data.SystemCoreClock
                0x0000000020000008        0x4 ./Core/Src/system_stm32f1xx.o
                0x0000000020000008                SystemCoreClock
 .data.uwTickPrio
                0x000000002000000c        0x4 ./Drivers/STM32F1xx_HAL_Driver/Src/stm32f1xx_hal.o
                0x000000002000000c                uwTickPrio
 .data.uwTickFreq
                0x0000000020000010        0x1 ./Drivers/STM32F1xx_HAL_Driver/Src/stm32f1xx_hal.o
                0x0000000020000010                uwTickFreq
 *fill*         0x0000000020000011        0x3 
 .data._impure_ptr
                0x0000000020000014        0x4 c:/st/stm32cubeide_1.9.0/stm32cubeide/plugins/com.st.stm32cube.ide.mcu.externaltools.gnu-tools-for-stm32.10.3-2021.10.win32_1.0.0.202111181127/tools/bin/../lib/gcc/arm-none-eabi/10.3.1/../../../../arm-none-eabi/lib/thumb/v7-m/nofp\libc_nano.a(lib_a-impure.o)
                0x0000000020000014                _impure_ptr
 .data.impure_data
                0x0000000020000018       0x60 c:/st/stm32cubeide_1.9.0/stm32cubeide/plugins/com.st.stm32cube.ide.mcu.externaltools.gnu-tools-for-stm32.10.3-2021.10.win32_1.0.0.202111181127/tools/bin/../lib/gcc/arm-none-eabi/10.3.1/../../../../arm-none-eabi/lib/thumb/v7-m/nofp\libc_nano.a(lib_a-impure.o)
 *(.RamFunc)
 *(.RamFunc*)
                0x0000000020000078                . = ALIGN (0x4)
                0x0000000020000078                _edata = .

.igot.plt       0x0000000020000078        0x0 load address 0x0000000008008e24
 .igot.plt      0x0000000020000078        0x0 c:/st/stm32cubeide_1.9.0/stm32cubeide/plugins/com.st.stm32cube.ide.mcu.externaltools.gnu-tools-for-stm32.10.3-2021.10.win32_1.0.0.202111181127/tools/bin/../lib/gcc/arm-none-eabi/10.3.1/thumb/v7-m/nofp/crtbegin.o
                0x0000000020000078                . = ALIGN (0x4)

.bss            0x0000000020000078      0x250 load address 0x0000000008008e24
                0x0000000020000078                _sbss = .
                0x0000000020000078                __bss_start__ = _sbss
 *(.bss)
 .bss           0x0000000020000078       0x1c c:/st/stm32cubeide_1.9.0/stm32cubeide/plugins/com.st.stm32cube.ide.mcu.externaltools.gnu-tools-for-stm32.10.3-2021.10.win32_1.0.0.202111181127/tools/bin/../lib/gcc/arm-none-eabi/10.3.1/thumb/v7-m/nofp/crtbegin.o
 *(.bss*)
 .bss.hadc1     0x0000000020000094       0x30 ./Core/Src/main.o
                0x0000000020000094                hadc1
 .bss.hi2c1     0x00000000200000c4       0x54 ./Core/Src/main.o
                0x00000000200000c4                hi2c1
 .bss.hspi1     0x0000000020000118       0x58 ./Core/Src/main.o
                0x0000000020000118                hspi1
 .bss.hdma_spi1_tx
                0x0000000020000170       0x44 ./Core/Src/main.o
                0x0000000020000170                hdma_spi1_tx
 .bss.htim1     0x00000000200001b4       0x48 ./Core/Src/main.o
                0x00000000200001b4                htim1
 .bss.htim4     0x00000000200001fc       0x48 ./Core/Src/main.o
                0x00000000200001fc                htim4
 .bss.huart1    0x0000000020000244       0x48 ./Core/Src/main.o
                0x0000000020000244                huart1
 .bss.cycles.1  0x000000002000028c        0x4 ./Core/Src/main.o
 .bss.BufferText.0
                0x0000000020000290       0x1e ./Core/Src/main.o
 *fill*         0x00000000200002ae        0x2 
 .bss.__sbrk_heap_end
                0x00000000200002b0        0x4 ./Core/Src/sysmem.o
 .bss.uwTick    0x00000000200002b4        0x4 ./Drivers/STM32F1xx_HAL_Driver/Src/stm32f1xx_hal.o
                0x00000000200002b4                uwTick
 .bss.__malloc_free_list
                0x00000000200002b8        0x4 c:/st/stm32cubeide_1.9.0/stm32cubeide/plugins/com.st.stm32cube.ide.mcu.externaltools.gnu-tools-for-stm32.10.3-2021.10.win32_1.0.0.202111181127/tools/bin/../lib/gcc/arm-none-eabi/10.3.1/../../../../arm-none-eabi/lib/thumb/v7-m/nofp\libc_nano.a(lib_a-nano-mallocr.o)
                0x00000000200002b8                __malloc_free_list
 .bss.__malloc_sbrk_start
                0x00000000200002bc        0x4 c:/st/stm32cubeide_1.9.0/stm32cubeide/plugins/com.st.stm32cube.ide.mcu.externaltools.gnu-tools-for-stm32.10.3-2021.10.win32_1.0.0.202111181127/tools/bin/../lib/gcc/arm-none-eabi/10.3.1/../../../../arm-none-eabi/lib/thumb/v7-m/nofp\libc_nano.a(lib_a-nano-mallocr.o)
                0x00000000200002bc                __malloc_sbrk_start
 .bss.errno     0x00000000200002c0        0x4 c:/st/stm32cubeide_1.9.0/stm32cubeide/plugins/com.st.stm32cube.ide.mcu.externaltools.gnu-tools-for-stm32.10.3-2021.10.win32_1.0.0.202111181127/tools/bin/../lib/gcc/arm-none-eabi/10.3.1/../../../../arm-none-eabi/lib/thumb/v7-m/nofp\libc_nano.a(lib_a-reent.o)
                0x00000000200002c0                errno
 .bss.__lock___malloc_recursive_mutex
                0x00000000200002c4        0x1 c:/st/stm32cubeide_1.9.0/stm32cubeide/plugins/com.st.stm32cube.ide.mcu.externaltools.gnu-tools-for-stm32.10.3-2021.10.win32_1.0.0.202111181127/tools/bin/../lib/gcc/arm-none-eabi/10.3.1/../../../../arm-none-eabi/lib/thumb/v7-m/nofp\libc_nano.a(lib_a-lock.o)
                0x00000000200002c4                __lock___malloc_recursive_mutex
 *(COMMON)
                0x00000000200002c8                . = ALIGN (0x4)
 *fill*         0x00000000200002c5        0x3 
                0x00000000200002c8                _ebss = .
                0x00000000200002c8                __bss_end__ = _ebss

._user_heap_stack
                0x00000000200002c8      0x600 load address 0x0000000008008e24
                0x00000000200002c8                . = ALIGN (0x8)
                [!provide]                        PROVIDE (end = .)
                0x00000000200002c8                PROVIDE (_end = .)
                0x00000000200004c8                . = (. + _Min_Heap_Size)
 *fill*         0x00000000200002c8      0x200 
                0x00000000200008c8                . = (. + _Min_Stack_Size)
 *fill*         0x00000000200004c8      0x400 
                0x00000000200008c8                . = ALIGN (0x8)

/DISCARD/
 libc.a(*)
 libm.a(*)
 libgcc.a(*)

.ARM.attributes
                0x0000000000000000       0x29
 *(.ARM.attributes)
 .ARM.attributes
                0x0000000000000000       0x1d c:/st/stm32cubeide_1.9.0/stm32cubeide/plugins/com.st.stm32cube.ide.mcu.externaltools.gnu-tools-for-stm32.10.3-2021.10.win32_1.0.0.202111181127/tools/bin/../lib/gcc/arm-none-eabi/10.3.1/thumb/v7-m/nofp/crti.o
 .ARM.attributes
                0x000000000000001d       0x2d c:/st/stm32cubeide_1.9.0/stm32cubeide/plugins/com.st.stm32cube.ide.mcu.externaltools.gnu-tools-for-stm32.10.3-2021.10.win32_1.0.0.202111181127/tools/bin/../lib/gcc/arm-none-eabi/10.3.1/thumb/v7-m/nofp/crtbegin.o
 .ARM.attributes
                0x000000000000004a       0x2d ./Core/Src/ILI9341_GFX.o
 .ARM.attributes
                0x0000000000000077       0x2d ./Core/Src/ILI9341_STM32_Driver.o
 .ARM.attributes
                0x00000000000000a4       0x2d ./Core/Src/fonts.o
 .ARM.attributes
                0x00000000000000d1       0x2d ./Core/Src/main.o
 .ARM.attributes
                0x00000000000000fe       0x2d ./Core/Src/stm32f1xx_hal_msp.o
 .ARM.attributes
                0x000000000000012b       0x2d ./Core/Src/stm32f1xx_it.o
 .ARM.attributes
                0x0000000000000158       0x2d ./Core/Src/sysmem.o
 .ARM.attributes
                0x0000000000000185       0x2d ./Core/Src/system_stm32f1xx.o
 .ARM.attributes
                0x00000000000001b2       0x21 ./Core/Startup/startup_stm32f103c8tx.o
 .ARM.attributes
                0x00000000000001d3       0x2d ./Drivers/STM32F1xx_HAL_Driver/Src/stm32f1xx_hal.o
 .ARM.attributes
                0x0000000000000200       0x2d ./Drivers/STM32F1xx_HAL_Driver/Src/stm32f1xx_hal_adc.o
 .ARM.attributes
                0x000000000000022d       0x2d ./Drivers/STM32F1xx_HAL_Driver/Src/stm32f1xx_hal_cortex.o
 .ARM.attributes
                0x000000000000025a       0x2d ./Drivers/STM32F1xx_HAL_Driver/Src/stm32f1xx_hal_dma.o
 .ARM.attributes
                0x0000000000000287       0x2d ./Drivers/STM32F1xx_HAL_Driver/Src/stm32f1xx_hal_gpio.o
 .ARM.attributes
                0x00000000000002b4       0x2d ./Drivers/STM32F1xx_HAL_Driver/Src/stm32f1xx_hal_i2c.o
 .ARM.attributes
                0x00000000000002e1       0x2d ./Drivers/STM32F1xx_HAL_Driver/Src/stm32f1xx_hal_rcc.o
 .ARM.attributes
                0x000000000000030e       0x2d ./Drivers/STM32F1xx_HAL_Driver/Src/stm32f1xx_hal_rcc_ex.o
 .ARM.attributes
                0x000000000000033b       0x2d ./Drivers/STM32F1xx_HAL_Driver/Src/stm32f1xx_hal_spi.o
 .ARM.attributes
                0x0000000000000368       0x2d ./Drivers/STM32F1xx_HAL_Driver/Src/stm32f1xx_hal_tim.o
 .ARM.attributes
                0x0000000000000395       0x2d ./Drivers/STM32F1xx_HAL_Driver/Src/stm32f1xx_hal_tim_ex.o
 .ARM.attributes
                0x00000000000003c2       0x2d ./Drivers/STM32F1xx_HAL_Driver/Src/stm32f1xx_hal_uart.o
 .ARM.attributes
                0x00000000000003ef       0x2d ./Drivers/STM32F1xx_HAL_Driver/Src/stm32f1xx_ll_gpio.o
 .ARM.attributes
                0x000000000000041c       0x2d c:/st/stm32cubeide_1.9.0/stm32cubeide/plugins/com.st.stm32cube.ide.mcu.externaltools.gnu-tools-for-stm32.10.3-2021.10.win32_1.0.0.202111181127/tools/bin/../lib/gcc/arm-none-eabi/10.3.1/../../../../arm-none-eabi/lib/thumb/v7-m/nofp\libc_nano.a(lib_a-errno.o)
 .ARM.attributes
                0x0000000000000449       0x2d c:/st/stm32cubeide_1.9.0/stm32cubeide/plugins/com.st.stm32cube.ide.mcu.externaltools.gnu-tools-for-stm32.10.3-2021.10.win32_1.0.0.202111181127/tools/bin/../lib/gcc/arm-none-eabi/10.3.1/../../../../arm-none-eabi/lib/thumb/v7-m/nofp\libc_nano.a(lib_a-impure.o)
 .ARM.attributes
                0x0000000000000476       0x2d c:/st/stm32cubeide_1.9.0/stm32cubeide/plugins/com.st.stm32cube.ide.mcu.externaltools.gnu-tools-for-stm32.10.3-2021.10.win32_1.0.0.202111181127/tools/bin/../lib/gcc/arm-none-eabi/10.3.1/../../../../arm-none-eabi/lib/thumb/v7-m/nofp\libc_nano.a(lib_a-init.o)
 .ARM.attributes
                0x00000000000004a3       0x2d c:/st/stm32cubeide_1.9.0/stm32cubeide/plugins/com.st.stm32cube.ide.mcu.externaltools.gnu-tools-for-stm32.10.3-2021.10.win32_1.0.0.202111181127/tools/bin/../lib/gcc/arm-none-eabi/10.3.1/../../../../arm-none-eabi/lib/thumb/v7-m/nofp\libc_nano.a(lib_a-memset.o)
 .ARM.attributes
                0x00000000000004d0       0x2d c:/st/stm32cubeide_1.9.0/stm32cubeide/plugins/com.st.stm32cube.ide.mcu.externaltools.gnu-tools-for-stm32.10.3-2021.10.win32_1.0.0.202111181127/tools/bin/../lib/gcc/arm-none-eabi/10.3.1/../../../../arm-none-eabi/lib/thumb/v7-m/nofp\libc_nano.a(lib_a-sprintf.o)
 .ARM.attributes
                0x00000000000004fd       0x2d c:/st/stm32cubeide_1.9.0/stm32cubeide/plugins/com.st.stm32cube.ide.mcu.externaltools.gnu-tools-for-stm32.10.3-2021.10.win32_1.0.0.202111181127/tools/bin/../lib/gcc/arm-none-eabi/10.3.1/../../../../arm-none-eabi/lib/thumb/v7-m/nofp\libc_nano.a(lib_a-nano-svfprintf.o)
 .ARM.attributes
                0x000000000000052a       0x2d c:/st/stm32cubeide_1.9.0/stm32cubeide/plugins/com.st.stm32cube.ide.mcu.externaltools.gnu-tools-for-stm32.10.3-2021.10.win32_1.0.0.202111181127/tools/bin/../lib/gcc/arm-none-eabi/10.3.1/../../../../arm-none-eabi/lib/thumb/v7-m/nofp\libc_nano.a(lib_a-nano-vfprintf_i.o)
 .ARM.attributes
                0x0000000000000557       0x2d c:/st/stm32cubeide_1.9.0/stm32cubeide/plugins/com.st.stm32cube.ide.mcu.externaltools.gnu-tools-for-stm32.10.3-2021.10.win32_1.0.0.202111181127/tools/bin/../lib/gcc/arm-none-eabi/10.3.1/../../../../arm-none-eabi/lib/thumb/v7-m/nofp\libc_nano.a(lib_a-memchr-stub.o)
 .ARM.attributes
                0x0000000000000584       0x2d c:/st/stm32cubeide_1.9.0/stm32cubeide/plugins/com.st.stm32cube.ide.mcu.externaltools.gnu-tools-for-stm32.10.3-2021.10.win32_1.0.0.202111181127/tools/bin/../lib/gcc/arm-none-eabi/10.3.1/../../../../arm-none-eabi/lib/thumb/v7-m/nofp\libc_nano.a(lib_a-memcpy-stub.o)
 .ARM.attributes
                0x00000000000005b1       0x2d c:/st/stm32cubeide_1.9.0/stm32cubeide/plugins/com.st.stm32cube.ide.mcu.externaltools.gnu-tools-for-stm32.10.3-2021.10.win32_1.0.0.202111181127/tools/bin/../lib/gcc/arm-none-eabi/10.3.1/../../../../arm-none-eabi/lib/thumb/v7-m/nofp\libc_nano.a(lib_a-memmove.o)
 .ARM.attributes
                0x00000000000005de       0x2d c:/st/stm32cubeide_1.9.0/stm32cubeide/plugins/com.st.stm32cube.ide.mcu.externaltools.gnu-tools-for-stm32.10.3-2021.10.win32_1.0.0.202111181127/tools/bin/../lib/gcc/arm-none-eabi/10.3.1/../../../../arm-none-eabi/lib/thumb/v7-m/nofp\libc_nano.a(lib_a-nano-freer.o)
 .ARM.attributes
                0x000000000000060b       0x2d c:/st/stm32cubeide_1.9.0/stm32cubeide/plugins/com.st.stm32cube.ide.mcu.externaltools.gnu-tools-for-stm32.10.3-2021.10.win32_1.0.0.202111181127/tools/bin/../lib/gcc/arm-none-eabi/10.3.1/../../../../arm-none-eabi/lib/thumb/v7-m/nofp\libc_nano.a(lib_a-nano-mallocr.o)
 .ARM.attributes
                0x0000000000000638       0x2d c:/st/stm32cubeide_1.9.0/stm32cubeide/plugins/com.st.stm32cube.ide.mcu.externaltools.gnu-tools-for-stm32.10.3-2021.10.win32_1.0.0.202111181127/tools/bin/../lib/gcc/arm-none-eabi/10.3.1/../../../../arm-none-eabi/lib/thumb/v7-m/nofp\libc_nano.a(lib_a-nano-reallocr.o)
 .ARM.attributes
                0x0000000000000665       0x2d c:/st/stm32cubeide_1.9.0/stm32cubeide/plugins/com.st.stm32cube.ide.mcu.externaltools.gnu-tools-for-stm32.10.3-2021.10.win32_1.0.0.202111181127/tools/bin/../lib/gcc/arm-none-eabi/10.3.1/../../../../arm-none-eabi/lib/thumb/v7-m/nofp\libc_nano.a(lib_a-sbrkr.o)
 .ARM.attributes
                0x0000000000000692       0x2d c:/st/stm32cubeide_1.9.0/stm32cubeide/plugins/com.st.stm32cube.ide.mcu.externaltools.gnu-tools-for-stm32.10.3-2021.10.win32_1.0.0.202111181127/tools/bin/../lib/gcc/arm-none-eabi/10.3.1/../../../../arm-none-eabi/lib/thumb/v7-m/nofp\libc_nano.a(lib_a-mlock.o)
 .ARM.attributes
                0x00000000000006bf       0x2d c:/st/stm32cubeide_1.9.0/stm32cubeide/plugins/com.st.stm32cube.ide.mcu.externaltools.gnu-tools-for-stm32.10.3-2021.10.win32_1.0.0.202111181127/tools/bin/../lib/gcc/arm-none-eabi/10.3.1/../../../../arm-none-eabi/lib/thumb/v7-m/nofp\libc_nano.a(lib_a-nano-msizer.o)
 .ARM.attributes
                0x00000000000006ec       0x2d c:/st/stm32cubeide_1.9.0/stm32cubeide/plugins/com.st.stm32cube.ide.mcu.externaltools.gnu-tools-for-stm32.10.3-2021.10.win32_1.0.0.202111181127/tools/bin/../lib/gcc/arm-none-eabi/10.3.1/../../../../arm-none-eabi/lib/thumb/v7-m/nofp\libc_nano.a(lib_a-reent.o)
 .ARM.attributes
                0x0000000000000719       0x2d c:/st/stm32cubeide_1.9.0/stm32cubeide/plugins/com.st.stm32cube.ide.mcu.externaltools.gnu-tools-for-stm32.10.3-2021.10.win32_1.0.0.202111181127/tools/bin/../lib/gcc/arm-none-eabi/10.3.1/../../../../arm-none-eabi/lib/thumb/v7-m/nofp\libc_nano.a(lib_a-lock.o)
 .ARM.attributes
                0x0000000000000746       0x1d c:/st/stm32cubeide_1.9.0/stm32cubeide/plugins/com.st.stm32cube.ide.mcu.externaltools.gnu-tools-for-stm32.10.3-2021.10.win32_1.0.0.202111181127/tools/bin/../lib/gcc/arm-none-eabi/10.3.1/thumb/v7-m/nofp\libgcc.a(_arm_addsubsf3.o)
 .ARM.attributes
                0x0000000000000763       0x1d c:/st/stm32cubeide_1.9.0/stm32cubeide/plugins/com.st.stm32cube.ide.mcu.externaltools.gnu-tools-for-stm32.10.3-2021.10.win32_1.0.0.202111181127/tools/bin/../lib/gcc/arm-none-eabi/10.3.1/thumb/v7-m/nofp\libgcc.a(_arm_cmpsf2.o)
 .ARM.attributes
                0x0000000000000780       0x1d c:/st/stm32cubeide_1.9.0/stm32cubeide/plugins/com.st.stm32cube.ide.mcu.externaltools.gnu-tools-for-stm32.10.3-2021.10.win32_1.0.0.202111181127/tools/bin/../lib/gcc/arm-none-eabi/10.3.1/thumb/v7-m/nofp/crtn.o
OUTPUT(LCD_ILI9341_EXAMPLE.elf elf32-littlearm)
LOAD linker stubs
LOAD c:/st/stm32cubeide_1.9.0/stm32cubeide/plugins/com.st.stm32cube.ide.mcu.externaltools.gnu-tools-for-stm32.10.3-2021.10.win32_1.0.0.202111181127/tools/bin/../lib/gcc/arm-none-eabi/10.3.1/../../../../arm-none-eabi/lib/thumb/v7-m/nofp\libc.a
LOAD c:/st/stm32cubeide_1.9.0/stm32cubeide/plugins/com.st.stm32cube.ide.mcu.externaltools.gnu-tools-for-stm32.10.3-2021.10.win32_1.0.0.202111181127/tools/bin/../lib/gcc/arm-none-eabi/10.3.1/../../../../arm-none-eabi/lib/thumb/v7-m/nofp\libm.a
LOAD c:/st/stm32cubeide_1.9.0/stm32cubeide/plugins/com.st.stm32cube.ide.mcu.externaltools.gnu-tools-for-stm32.10.3-2021.10.win32_1.0.0.202111181127/tools/bin/../lib/gcc/arm-none-eabi/10.3.1/thumb/v7-m/nofp\libgcc.a

.debug_info     0x0000000000000000    0x14364
 .debug_info    0x0000000000000000      0x70b ./Core/Src/ILI9341_GFX.o
 .debug_info    0x000000000000070b      0xc90 ./Core/Src/ILI9341_STM32_Driver.o
 .debug_info    0x000000000000139b      0x166 ./Core/Src/fonts.o
 .debug_info    0x0000000000001501     0x1d30 ./Core/Src/main.o
 .debug_info    0x0000000000003231     0x181b ./Core/Src/stm32f1xx_hal_msp.o
 .debug_info    0x0000000000004a4c      0x6f0 ./Core/Src/stm32f1xx_it.o
 .debug_info    0x000000000000513c      0x171 ./Core/Src/sysmem.o
 .debug_info    0x00000000000052ad      0x23d ./Core/Src/system_stm32f1xx.o
 .debug_info    0x00000000000054ea       0x22 ./Core/Startup/startup_stm32f103c8tx.o
 .debug_info    0x000000000000550c      0x734 ./Drivers/STM32F1xx_HAL_Driver/Src/stm32f1xx_hal.o
 .debug_info    0x0000000000005c40      0xcfe ./Drivers/STM32F1xx_HAL_Driver/Src/stm32f1xx_hal_adc.o
 .debug_info    0x000000000000693e      0xb20 ./Drivers/STM32F1xx_HAL_Driver/Src/stm32f1xx_hal_cortex.o
 .debug_info    0x000000000000745e      0x744 ./Drivers/STM32F1xx_HAL_Driver/Src/stm32f1xx_hal_dma.o
 .debug_info    0x0000000000007ba2      0x615 ./Drivers/STM32F1xx_HAL_Driver/Src/stm32f1xx_hal_gpio.o
 .debug_info    0x00000000000081b7     0x2771 ./Drivers/STM32F1xx_HAL_Driver/Src/stm32f1xx_hal_i2c.o
 .debug_info    0x000000000000a928      0x865 ./Drivers/STM32F1xx_HAL_Driver/Src/stm32f1xx_hal_rcc.o
 .debug_info    0x000000000000b18d      0x3e6 ./Drivers/STM32F1xx_HAL_Driver/Src/stm32f1xx_hal_rcc_ex.o
 .debug_info    0x000000000000b573     0x156e ./Drivers/STM32F1xx_HAL_Driver/Src/stm32f1xx_hal_spi.o
 .debug_info    0x000000000000cae1     0x2bcb ./Drivers/STM32F1xx_HAL_Driver/Src/stm32f1xx_hal_tim.o
 .debug_info    0x000000000000f6ac     0x15c7 ./Drivers/STM32F1xx_HAL_Driver/Src/stm32f1xx_hal_tim_ex.o
 .debug_info    0x0000000000010c73     0x30f2 ./Drivers/STM32F1xx_HAL_Driver/Src/stm32f1xx_hal_uart.o
 .debug_info    0x0000000000013d65      0x5ff ./Drivers/STM32F1xx_HAL_Driver/Src/stm32f1xx_ll_gpio.o

.debug_abbrev   0x0000000000000000     0x2b03
 .debug_abbrev  0x0000000000000000      0x120 ./Core/Src/ILI9341_GFX.o
 .debug_abbrev  0x0000000000000120      0x2b6 ./Core/Src/ILI9341_STM32_Driver.o
 .debug_abbrev  0x00000000000003d6       0x8b ./Core/Src/fonts.o
 .debug_abbrev  0x0000000000000461      0x33c ./Core/Src/main.o
 .debug_abbrev  0x000000000000079d      0x263 ./Core/Src/stm32f1xx_hal_msp.o
 .debug_abbrev  0x0000000000000a00      0x189 ./Core/Src/stm32f1xx_it.o
 .debug_abbrev  0x0000000000000b89       0xbb ./Core/Src/sysmem.o
 .debug_abbrev  0x0000000000000c44      0x13b ./Core/Src/system_stm32f1xx.o
 .debug_abbrev  0x0000000000000d7f       0x12 ./Core/Startup/startup_stm32f103c8tx.o
 .debug_abbrev  0x0000000000000d91      0x1fb ./Drivers/STM32F1xx_HAL_Driver/Src/stm32f1xx_hal.o
 .debug_abbrev  0x0000000000000f8c      0x210 ./Drivers/STM32F1xx_HAL_Driver/Src/stm32f1xx_hal_adc.o
 .debug_abbrev  0x000000000000119c      0x2ed ./Drivers/STM32F1xx_HAL_Driver/Src/stm32f1xx_hal_cortex.o
 .debug_abbrev  0x0000000000001489      0x1fe ./Drivers/STM32F1xx_HAL_Driver/Src/stm32f1xx_hal_dma.o
 .debug_abbrev  0x0000000000001687      0x1bb ./Drivers/STM32F1xx_HAL_Driver/Src/stm32f1xx_hal_gpio.o
 .debug_abbrev  0x0000000000001842      0x288 ./Drivers/STM32F1xx_HAL_Driver/Src/stm32f1xx_hal_i2c.o
 .debug_abbrev  0x0000000000001aca      0x2a8 ./Drivers/STM32F1xx_HAL_Driver/Src/stm32f1xx_hal_rcc.o
 .debug_abbrev  0x0000000000001d72      0x182 ./Drivers/STM32F1xx_HAL_Driver/Src/stm32f1xx_hal_rcc_ex.o
 .debug_abbrev  0x0000000000001ef4      0x266 ./Drivers/STM32F1xx_HAL_Driver/Src/stm32f1xx_hal_spi.o
 .debug_abbrev  0x000000000000215a      0x264 ./Drivers/STM32F1xx_HAL_Driver/Src/stm32f1xx_hal_tim.o
 .debug_abbrev  0x00000000000023be      0x26c ./Drivers/STM32F1xx_HAL_Driver/Src/stm32f1xx_hal_tim_ex.o
 .debug_abbrev  0x000000000000262a      0x2df ./Drivers/STM32F1xx_HAL_Driver/Src/stm32f1xx_hal_uart.o
 .debug_abbrev  0x0000000000002909      0x1fa ./Drivers/STM32F1xx_HAL_Driver/Src/stm32f1xx_ll_gpio.o

.debug_aranges  0x0000000000000000     0x13b0
 .debug_aranges
                0x0000000000000000       0x58 ./Core/Src/ILI9341_GFX.o
 .debug_aranges
                0x0000000000000058       0xc0 ./Core/Src/ILI9341_STM32_Driver.o
 .debug_aranges
                0x0000000000000118       0x18 ./Core/Src/fonts.o
 .debug_aranges
                0x0000000000000130       0x98 ./Core/Src/main.o
 .debug_aranges
                0x00000000000001c8       0x88 ./Core/Src/stm32f1xx_hal_msp.o
 .debug_aranges
                0x0000000000000250       0x70 ./Core/Src/stm32f1xx_it.o
 .debug_aranges
                0x00000000000002c0       0x20 ./Core/Src/sysmem.o
 .debug_aranges
                0x00000000000002e0       0x28 ./Core/Src/system_stm32f1xx.o
 .debug_aranges
                0x0000000000000308       0x28 ./Core/Startup/startup_stm32f103c8tx.o
 .debug_aranges
                0x0000000000000330       0xe0 ./Drivers/STM32F1xx_HAL_Driver/Src/stm32f1xx_hal.o
 .debug_aranges
                0x0000000000000410       0xf0 ./Drivers/STM32F1xx_HAL_Driver/Src/stm32f1xx_hal_adc.o
 .debug_aranges
                0x0000000000000500      0x100 ./Drivers/STM32F1xx_HAL_Driver/Src/stm32f1xx_hal_cortex.o
 .debug_aranges
                0x0000000000000600       0x80 ./Drivers/STM32F1xx_HAL_Driver/Src/stm32f1xx_hal_dma.o
 .debug_aranges
                0x0000000000000680       0x58 ./Drivers/STM32F1xx_HAL_Driver/Src/stm32f1xx_hal_gpio.o
 .debug_aranges
                0x00000000000006d8      0x2a8 ./Drivers/STM32F1xx_HAL_Driver/Src/stm32f1xx_hal_i2c.o
 .debug_aranges
                0x0000000000000980       0x90 ./Drivers/STM32F1xx_HAL_Driver/Src/stm32f1xx_hal_rcc.o
 .debug_aranges
                0x0000000000000a10       0x30 ./Drivers/STM32F1xx_HAL_Driver/Src/stm32f1xx_hal_rcc_ex.o
 .debug_aranges
                0x0000000000000a40      0x1d0 ./Drivers/STM32F1xx_HAL_Driver/Src/stm32f1xx_hal_spi.o
 .debug_aranges
                0x0000000000000c10      0x3d0 ./Drivers/STM32F1xx_HAL_Driver/Src/stm32f1xx_hal_tim.o
 .debug_aranges
                0x0000000000000fe0      0x168 ./Drivers/STM32F1xx_HAL_Driver/Src/stm32f1xx_hal_tim_ex.o
 .debug_aranges
                0x0000000000001148      0x208 ./Drivers/STM32F1xx_HAL_Driver/Src/stm32f1xx_hal_uart.o
 .debug_aranges
                0x0000000000001350       0x60 ./Drivers/STM32F1xx_HAL_Driver/Src/stm32f1xx_ll_gpio.o

.debug_ranges   0x0000000000000000     0x1298
 .debug_ranges  0x0000000000000000       0x48 ./Core/Src/ILI9341_GFX.o
 .debug_ranges  0x0000000000000048       0xb0 ./Core/Src/ILI9341_STM32_Driver.o
 .debug_ranges  0x00000000000000f8       0x88 ./Core/Src/main.o
 .debug_ranges  0x0000000000000180       0x78 ./Core/Src/stm32f1xx_hal_msp.o
 .debug_ranges  0x00000000000001f8       0x60 ./Core/Src/stm32f1xx_it.o
 .debug_ranges  0x0000000000000258       0x10 ./Core/Src/sysmem.o
 .debug_ranges  0x0000000000000268       0x18 ./Core/Src/system_stm32f1xx.o
 .debug_ranges  0x0000000000000280       0x20 ./Core/Startup/startup_stm32f103c8tx.o
 .debug_ranges  0x00000000000002a0       0xd0 ./Drivers/STM32F1xx_HAL_Driver/Src/stm32f1xx_hal.o
 .debug_ranges  0x0000000000000370       0xe0 ./Drivers/STM32F1xx_HAL_Driver/Src/stm32f1xx_hal_adc.o
 .debug_ranges  0x0000000000000450       0xf0 ./Drivers/STM32F1xx_HAL_Driver/Src/stm32f1xx_hal_cortex.o
 .debug_ranges  0x0000000000000540       0x70 ./Drivers/STM32F1xx_HAL_Driver/Src/stm32f1xx_hal_dma.o
 .debug_ranges  0x00000000000005b0       0x48 ./Drivers/STM32F1xx_HAL_Driver/Src/stm32f1xx_hal_gpio.o
 .debug_ranges  0x00000000000005f8      0x2b0 ./Drivers/STM32F1xx_HAL_Driver/Src/stm32f1xx_hal_i2c.o
 .debug_ranges  0x00000000000008a8       0x80 ./Drivers/STM32F1xx_HAL_Driver/Src/stm32f1xx_hal_rcc.o
 .debug_ranges  0x0000000000000928       0x20 ./Drivers/STM32F1xx_HAL_Driver/Src/stm32f1xx_hal_rcc_ex.o
 .debug_ranges  0x0000000000000948      0x1c0 ./Drivers/STM32F1xx_HAL_Driver/Src/stm32f1xx_hal_spi.o
 .debug_ranges  0x0000000000000b08      0x3c0 ./Drivers/STM32F1xx_HAL_Driver/Src/stm32f1xx_hal_tim.o
 .debug_ranges  0x0000000000000ec8      0x158 ./Drivers/STM32F1xx_HAL_Driver/Src/stm32f1xx_hal_tim_ex.o
 .debug_ranges  0x0000000000001020      0x228 ./Drivers/STM32F1xx_HAL_Driver/Src/stm32f1xx_hal_uart.o
 .debug_ranges  0x0000000000001248       0x50 ./Drivers/STM32F1xx_HAL_Driver/Src/stm32f1xx_ll_gpio.o

.debug_macro    0x0000000000000000    0x1ad1e
 .debug_macro   0x0000000000000000      0x3c7 ./Core/Src/ILI9341_GFX.o
 .debug_macro   0x00000000000003c7      0xa72 ./Core/Src/ILI9341_GFX.o
 .debug_macro   0x0000000000000e39      0x22d ./Core/Src/ILI9341_GFX.o
 .debug_macro   0x0000000000001066       0x2e ./Core/Src/ILI9341_GFX.o
 .debug_macro   0x0000000000001094       0x22 ./Core/Src/ILI9341_GFX.o
 .debug_macro   0x00000000000010b6       0x22 ./Core/Src/ILI9341_GFX.o
 .debug_macro   0x00000000000010d8       0x8e ./Core/Src/ILI9341_GFX.o
 .debug_macro   0x0000000000001166       0x51 ./Core/Src/ILI9341_GFX.o
 .debug_macro   0x00000000000011b7      0x103 ./Core/Src/ILI9341_GFX.o
 .debug_macro   0x00000000000012ba       0x6a ./Core/Src/ILI9341_GFX.o
 .debug_macro   0x0000000000001324      0x1df ./Core/Src/ILI9341_GFX.o
 .debug_macro   0x0000000000001503       0x1c ./Core/Src/ILI9341_GFX.o
 .debug_macro   0x000000000000151f       0x22 ./Core/Src/ILI9341_GFX.o
 .debug_macro   0x0000000000001541       0xbd ./Core/Src/ILI9341_GFX.o
 .debug_macro   0x00000000000015fe      0xd23 ./Core/Src/ILI9341_GFX.o
 .debug_macro   0x0000000000002321     0xe09e ./Core/Src/ILI9341_GFX.o
 .debug_macro   0x00000000000103bf       0x6d ./Core/Src/ILI9341_GFX.o
 .debug_macro   0x000000000001042c     0x34a2 ./Core/Src/ILI9341_GFX.o
 .debug_macro   0x00000000000138ce      0x174 ./Core/Src/ILI9341_GFX.o
 .debug_macro   0x0000000000013a42       0x5c ./Core/Src/ILI9341_GFX.o
 .debug_macro   0x0000000000013a9e      0x5bc ./Core/Src/ILI9341_GFX.o
 .debug_macro   0x000000000001405a      0x289 ./Core/Src/ILI9341_GFX.o
 .debug_macro   0x00000000000142e3      0x1cb ./Core/Src/ILI9341_GFX.o
 .debug_macro   0x00000000000144ae      0x114 ./Core/Src/ILI9341_GFX.o
 .debug_macro   0x00000000000145c2      0x1b2 ./Core/Src/ILI9341_GFX.o
 .debug_macro   0x0000000000014774       0x27 ./Core/Src/ILI9341_GFX.o
 .debug_macro   0x000000000001479b      0x136 ./Core/Src/ILI9341_GFX.o
 .debug_macro   0x00000000000148d1      0x1bc ./Core/Src/ILI9341_GFX.o
 .debug_macro   0x0000000000014a8d       0x34 ./Core/Src/ILI9341_GFX.o
 .debug_macro   0x0000000000014ac1       0x3c ./Core/Src/ILI9341_GFX.o
 .debug_macro   0x0000000000014afd       0x57 ./Core/Src/ILI9341_GFX.o
 .debug_macro   0x0000000000014b54      0x46a ./Core/Src/ILI9341_GFX.o
 .debug_macro   0x0000000000014fbe      0x1b5 ./Core/Src/ILI9341_GFX.o
 .debug_macro   0x0000000000015173       0x87 ./Core/Src/ILI9341_GFX.o
 .debug_macro   0x00000000000151fa      0x240 ./Core/Src/ILI9341_GFX.o
 .debug_macro   0x000000000001543a      0x287 ./Core/Src/ILI9341_GFX.o
 .debug_macro   0x00000000000156c1      0x140 ./Core/Src/ILI9341_GFX.o
 .debug_macro   0x0000000000015801      0x217 ./Core/Src/ILI9341_GFX.o
 .debug_macro   0x0000000000015a18      0x8ed ./Core/Src/ILI9341_GFX.o
 .debug_macro   0x0000000000016305      0x28e ./Core/Src/ILI9341_GFX.o
 .debug_macro   0x0000000000016593       0x83 ./Core/Src/ILI9341_GFX.o
 .debug_macro   0x0000000000016616       0x22 ./Core/Src/ILI9341_GFX.o
 .debug_macro   0x0000000000016638       0x74 ./Core/Src/ILI9341_GFX.o
 .debug_macro   0x00000000000166ac      0x229 ./Core/Src/ILI9341_GFX.o
 .debug_macro   0x00000000000168d5       0xd0 ./Core/Src/ILI9341_GFX.o
 .debug_macro   0x00000000000169a5       0xd7 ./Core/Src/ILI9341_GFX.o
 .debug_macro   0x0000000000016a7c       0x28 ./Core/Src/ILI9341_GFX.o
 .debug_macro   0x0000000000016aa4      0x2be ./Core/Src/ILI9341_GFX.o
 .debug_macro   0x0000000000016d62       0x2a ./Core/Src/ILI9341_GFX.o
 .debug_macro   0x0000000000016d8c       0x90 ./Core/Src/ILI9341_GFX.o
 .debug_macro   0x0000000000016e1c      0x287 ./Core/Src/ILI9341_GFX.o
 .debug_macro   0x00000000000170a3       0xe2 ./Core/Src/ILI9341_GFX.o
 .debug_macro   0x0000000000017185       0x52 ./Core/Src/ILI9341_GFX.o
 .debug_macro   0x00000000000171d7       0x18 ./Core/Src/ILI9341_GFX.o
 .debug_macro   0x00000000000171ef       0x3c ./Core/Src/ILI9341_GFX.o
 .debug_macro   0x000000000001722b       0x34 ./Core/Src/ILI9341_GFX.o
 .debug_macro   0x000000000001725f       0x16 ./Core/Src/ILI9341_GFX.o
 .debug_macro   0x0000000000017275       0x35 ./Core/Src/ILI9341_GFX.o
 .debug_macro   0x00000000000172aa      0x341 ./Core/Src/ILI9341_GFX.o
 .debug_macro   0x00000000000175eb       0x10 ./Core/Src/ILI9341_GFX.o
 .debug_macro   0x00000000000175fb       0x16 ./Core/Src/ILI9341_GFX.o
 .debug_macro   0x0000000000017611       0x43 ./Core/Src/ILI9341_GFX.o
 .debug_macro   0x0000000000017654       0x34 ./Core/Src/ILI9341_GFX.o
 .debug_macro   0x0000000000017688       0x10 ./Core/Src/ILI9341_GFX.o
 .debug_macro   0x0000000000017698       0x58 ./Core/Src/ILI9341_GFX.o
 .debug_macro   0x00000000000176f0       0x71 ./Core/Src/ILI9341_GFX.o
 .debug_macro   0x0000000000017761       0x1c ./Core/Src/ILI9341_GFX.o
 .debug_macro   0x000000000001777d      0x12a ./Core/Src/ILI9341_GFX.o
 .debug_macro   0x00000000000178a7       0x10 ./Core/Src/ILI9341_GFX.o
 .debug_macro   0x00000000000178b7       0x1c ./Core/Src/ILI9341_GFX.o
 .debug_macro   0x00000000000178d3       0x52 ./Core/Src/ILI9341_GFX.o
 .debug_macro   0x0000000000017925       0x22 ./Core/Src/ILI9341_GFX.o
 .debug_macro   0x0000000000017947       0x10 ./Core/Src/ILI9341_GFX.o
 .debug_macro   0x0000000000017957       0x52 ./Core/Src/ILI9341_GFX.o
 .debug_macro   0x00000000000179a9       0xd5 ./Core/Src/ILI9341_GFX.o
 .debug_macro   0x0000000000017a7e       0x1c ./Core/Src/ILI9341_GFX.o
 .debug_macro   0x0000000000017a9a       0x3d ./Core/Src/ILI9341_GFX.o
 .debug_macro   0x0000000000017ad7       0x16 ./Core/Src/ILI9341_GFX.o
 .debug_macro   0x0000000000017aed      0x145 ./Core/Src/ILI9341_GFX.o
 .debug_macro   0x0000000000017c32      0x171 ./Core/Src/ILI9341_GFX.o
 .debug_macro   0x0000000000017da3       0x10 ./Core/Src/ILI9341_GFX.o
 .debug_macro   0x0000000000017db3      0x3c7 ./Core/Src/ILI9341_STM32_Driver.o
 .debug_macro   0x000000000001817a       0x72 ./Core/Src/fonts.o
 .debug_macro   0x00000000000181ec       0x1c ./Core/Src/fonts.o
 .debug_macro   0x0000000000018208      0x3c3 ./Core/Src/main.o
 .debug_macro   0x00000000000185cb      0x3c3 ./Core/Src/stm32f1xx_hal_msp.o
 .debug_macro   0x000000000001898e      0x3c7 ./Core/Src/stm32f1xx_it.o
 .debug_macro   0x0000000000018d55       0xff ./Core/Src/sysmem.o
 .debug_macro   0x0000000000018e54      0x23b ./Core/Src/sysmem.o
 .debug_macro   0x000000000001908f      0x1cb ./Core/Src/system_stm32f1xx.o
 .debug_macro   0x000000000001925a      0x1ef ./Drivers/STM32F1xx_HAL_Driver/Src/stm32f1xx_hal.o
 .debug_macro   0x0000000000019449      0x1e8 ./Drivers/STM32F1xx_HAL_Driver/Src/stm32f1xx_hal_adc.o
 .debug_macro   0x0000000000019631      0x1cb ./Drivers/STM32F1xx_HAL_Driver/Src/stm32f1xx_hal_cortex.o
 .debug_macro   0x00000000000197fc      0x1cb ./Drivers/STM32F1xx_HAL_Driver/Src/stm32f1xx_hal_dma.o
 .debug_macro   0x00000000000199c7      0x236 ./Drivers/STM32F1xx_HAL_Driver/Src/stm32f1xx_hal_gpio.o
 .debug_macro   0x0000000000019bfd      0x219 ./Drivers/STM32F1xx_HAL_Driver/Src/stm32f1xx_hal_i2c.o
 .debug_macro   0x0000000000019e16      0x1dd ./Drivers/STM32F1xx_HAL_Driver/Src/stm32f1xx_hal_rcc.o
 .debug_macro   0x0000000000019ff3      0x1cb ./Drivers/STM32F1xx_HAL_Driver/Src/stm32f1xx_hal_rcc_ex.o
 .debug_macro   0x000000000001a1be      0x1d3 ./Drivers/STM32F1xx_HAL_Driver/Src/stm32f1xx_hal_spi.o
 .debug_macro   0x000000000001a391      0x1cc ./Drivers/STM32F1xx_HAL_Driver/Src/stm32f1xx_hal_tim.o
 .debug_macro   0x000000000001a55d      0x1cb ./Drivers/STM32F1xx_HAL_Driver/Src/stm32f1xx_hal_tim_ex.o
 .debug_macro   0x000000000001a728      0x1cc ./Drivers/STM32F1xx_HAL_Driver/Src/stm32f1xx_hal_uart.o
 .debug_macro   0x000000000001a8f4      0x207 ./Drivers/STM32F1xx_HAL_Driver/Src/stm32f1xx_ll_gpio.o
 .debug_macro   0x000000000001aafb      0x223 ./Drivers/STM32F1xx_HAL_Driver/Src/stm32f1xx_ll_gpio.o

.debug_line     0x0000000000000000    0x17805
 .debug_line    0x0000000000000000      0xcd7 ./Core/Src/ILI9341_GFX.o
 .debug_line    0x0000000000000cd7      0xddd ./Core/Src/ILI9341_STM32_Driver.o
 .debug_line    0x0000000000001ab4      0x37b ./Core/Src/fonts.o
 .debug_line    0x0000000000001e2f      0xe0f ./Core/Src/main.o
 .debug_line    0x0000000000002c3e      0xbb2 ./Core/Src/stm32f1xx_hal_msp.o
 .debug_line    0x00000000000037f0      0xaa2 ./Core/Src/stm32f1xx_it.o
 .debug_line    0x0000000000004292      0x4e5 ./Core/Src/sysmem.o
 .debug_line    0x0000000000004777      0x74b ./Core/Src/system_stm32f1xx.o
 .debug_line    0x0000000000004ec2       0x86 ./Core/Startup/startup_stm32f103c8tx.o
 .debug_line    0x0000000000004f48      0x978 ./Drivers/STM32F1xx_HAL_Driver/Src/stm32f1xx_hal.o
 .debug_line    0x00000000000058c0      0xffd ./Drivers/STM32F1xx_HAL_Driver/Src/stm32f1xx_hal_adc.o
 .debug_line    0x00000000000068bd      0xb60 ./Drivers/STM32F1xx_HAL_Driver/Src/stm32f1xx_hal_cortex.o
 .debug_line    0x000000000000741d      0xdd1 ./Drivers/STM32F1xx_HAL_Driver/Src/stm32f1xx_hal_dma.o
 .debug_line    0x00000000000081ee      0xa11 ./Drivers/STM32F1xx_HAL_Driver/Src/stm32f1xx_hal_gpio.o
 .debug_line    0x0000000000008bff     0x3b0e ./Drivers/STM32F1xx_HAL_Driver/Src/stm32f1xx_hal_i2c.o
 .debug_line    0x000000000000c70d      0xd84 ./Drivers/STM32F1xx_HAL_Driver/Src/stm32f1xx_hal_rcc.o
 .debug_line    0x000000000000d491      0x8bf ./Drivers/STM32F1xx_HAL_Driver/Src/stm32f1xx_hal_rcc_ex.o
 .debug_line    0x000000000000dd50     0x1c6b ./Drivers/STM32F1xx_HAL_Driver/Src/stm32f1xx_hal_spi.o
 .debug_line    0x000000000000f9bb     0x341e ./Drivers/STM32F1xx_HAL_Driver/Src/stm32f1xx_hal_tim.o
 .debug_line    0x0000000000012dd9     0x18be ./Drivers/STM32F1xx_HAL_Driver/Src/stm32f1xx_hal_tim_ex.o
 .debug_line    0x0000000000014697     0x283f ./Drivers/STM32F1xx_HAL_Driver/Src/stm32f1xx_hal_uart.o
 .debug_line    0x0000000000016ed6      0x92f ./Drivers/STM32F1xx_HAL_Driver/Src/stm32f1xx_ll_gpio.o

.debug_str      0x0000000000000000    0x9925f
 .debug_str     0x0000000000000000    0x937ea ./Core/Src/ILI9341_GFX.o
                                      0x93c4f (size before relaxing)
 .debug_str     0x00000000000937ea      0x5cc ./Core/Src/ILI9341_STM32_Driver.o
                                      0x940ef (size before relaxing)
 .debug_str     0x0000000000093db6       0x14 ./Core/Src/fonts.o
                                       0x3cf4 (size before relaxing)
 .debug_str     0x0000000000093dca      0xf4e ./Core/Src/main.o
                                      0x9508b (size before relaxing)
 .debug_str     0x0000000000094d18      0x1b0 ./Core/Src/stm32f1xx_hal_msp.o
                                      0x94bac (size before relaxing)
 .debug_str     0x0000000000094ec8      0x10c ./Core/Src/stm32f1xx_it.o
                                      0x93fa2 (size before relaxing)
 .debug_str     0x0000000000094fd4      0x4da ./Core/Src/sysmem.o
                                       0x5dda (size before relaxing)
 .debug_str     0x00000000000954ae       0x6e ./Core/Src/system_stm32f1xx.o
                                      0x8ad6c (size before relaxing)
 .debug_str     0x000000000009551c       0x36 ./Core/Startup/startup_stm32f103c8tx.o
                                         0xdf (size before relaxing)
 .debug_str     0x0000000000095552      0x37a ./Drivers/STM32F1xx_HAL_Driver/Src/stm32f1xx_hal.o
                                      0x8b49f (size before relaxing)
 .debug_str     0x00000000000958cc      0x38e ./Drivers/STM32F1xx_HAL_Driver/Src/stm32f1xx_hal_adc.o
                                      0x8b450 (size before relaxing)
 .debug_str     0x0000000000095c5a      0x28a ./Drivers/STM32F1xx_HAL_Driver/Src/stm32f1xx_hal_cortex.o
                                      0x8b3eb (size before relaxing)
 .debug_str     0x0000000000095ee4      0x1e7 ./Drivers/STM32F1xx_HAL_Driver/Src/stm32f1xx_hal_dma.o
                                      0x8b115 (size before relaxing)
 .debug_str     0x00000000000960cb      0x30e ./Drivers/STM32F1xx_HAL_Driver/Src/stm32f1xx_hal_gpio.o
                                      0x8b0f2 (size before relaxing)
 .debug_str     0x00000000000963d9      0xb86 ./Drivers/STM32F1xx_HAL_Driver/Src/stm32f1xx_hal_i2c.o
                                      0x8be33 (size before relaxing)
 .debug_str     0x0000000000096f5f      0x209 ./Drivers/STM32F1xx_HAL_Driver/Src/stm32f1xx_hal_rcc.o
                                      0x8b19b (size before relaxing)
 .debug_str     0x0000000000097168       0x84 ./Drivers/STM32F1xx_HAL_Driver/Src/stm32f1xx_hal_rcc_ex.o
                                      0x8aeeb (size before relaxing)
 .debug_str     0x00000000000971ec      0x4e4 ./Drivers/STM32F1xx_HAL_Driver/Src/stm32f1xx_hal_spi.o
                                      0x8b692 (size before relaxing)
 .debug_str     0x00000000000976d0      0xd20 ./Drivers/STM32F1xx_HAL_Driver/Src/stm32f1xx_hal_tim.o
                                      0x8c19d (size before relaxing)
 .debug_str     0x00000000000983f0      0x493 ./Drivers/STM32F1xx_HAL_Driver/Src/stm32f1xx_hal_tim_ex.o
                                      0x8b9a9 (size before relaxing)
 .debug_str     0x0000000000098883      0x608 ./Drivers/STM32F1xx_HAL_Driver/Src/stm32f1xx_hal_uart.o
                                      0x8b80c (size before relaxing)
 .debug_str     0x0000000000098e8b      0x3d4 ./Drivers/STM32F1xx_HAL_Driver/Src/stm32f1xx_ll_gpio.o
                                      0x8c691 (size before relaxing)

.comment        0x0000000000000000       0x50
 .comment       0x0000000000000000       0x50 ./Core/Src/ILI9341_GFX.o
                                         0x51 (size before relaxing)
 .comment       0x0000000000000050       0x51 ./Core/Src/ILI9341_STM32_Driver.o
 .comment       0x0000000000000050       0x51 ./Core/Src/fonts.o
 .comment       0x0000000000000050       0x51 ./Core/Src/main.o
 .comment       0x0000000000000050       0x51 ./Core/Src/stm32f1xx_hal_msp.o
 .comment       0x0000000000000050       0x51 ./Core/Src/stm32f1xx_it.o
 .comment       0x0000000000000050       0x51 ./Core/Src/sysmem.o
 .comment       0x0000000000000050       0x51 ./Core/Src/system_stm32f1xx.o
 .comment       0x0000000000000050       0x51 ./Drivers/STM32F1xx_HAL_Driver/Src/stm32f1xx_hal.o
 .comment       0x0000000000000050       0x51 ./Drivers/STM32F1xx_HAL_Driver/Src/stm32f1xx_hal_adc.o
 .comment       0x0000000000000050       0x51 ./Drivers/STM32F1xx_HAL_Driver/Src/stm32f1xx_hal_cortex.o
 .comment       0x0000000000000050       0x51 ./Drivers/STM32F1xx_HAL_Driver/Src/stm32f1xx_hal_dma.o
 .comment       0x0000000000000050       0x51 ./Drivers/STM32F1xx_HAL_Driver/Src/stm32f1xx_hal_gpio.o
 .comment       0x0000000000000050       0x51 ./Drivers/STM32F1xx_HAL_Driver/Src/stm32f1xx_hal_i2c.o
 .comment       0x0000000000000050       0x51 ./Drivers/STM32F1xx_HAL_Driver/Src/stm32f1xx_hal_rcc.o
 .comment       0x0000000000000050       0x51 ./Drivers/STM32F1xx_HAL_Driver/Src/stm32f1xx_hal_rcc_ex.o
 .comment       0x0000000000000050       0x51 ./Drivers/STM32F1xx_HAL_Driver/Src/stm32f1xx_hal_spi.o
 .comment       0x0000000000000050       0x51 ./Drivers/STM32F1xx_HAL_Driver/Src/stm32f1xx_hal_tim.o
 .comment       0x0000000000000050       0x51 ./Drivers/STM32F1xx_HAL_Driver/Src/stm32f1xx_hal_tim_ex.o
 .comment       0x0000000000000050       0x51 ./Drivers/STM32F1xx_HAL_Driver/Src/stm32f1xx_hal_uart.o
 .comment       0x0000000000000050       0x51 ./Drivers/STM32F1xx_HAL_Driver/Src/stm32f1xx_ll_gpio.o

.debug_frame    0x0000000000000000     0x58b0
 .debug_frame   0x0000000000000000      0x14c ./Core/Src/ILI9341_GFX.o
 .debug_frame   0x000000000000014c      0x310 ./Core/Src/ILI9341_STM32_Driver.o
 .debug_frame   0x000000000000045c      0x234 ./Core/Src/main.o
 .debug_frame   0x0000000000000690      0x21c ./Core/Src/stm32f1xx_hal_msp.o
 .debug_frame   0x00000000000008ac      0x13c ./Core/Src/stm32f1xx_it.o
 .debug_frame   0x00000000000009e8       0x34 ./Core/Src/sysmem.o
 .debug_frame   0x0000000000000a1c       0x58 ./Core/Src/system_stm32f1xx.o
 .debug_frame   0x0000000000000a74      0x334 ./Drivers/STM32F1xx_HAL_Driver/Src/stm32f1xx_hal.o
 .debug_frame   0x0000000000000da8      0x40c ./Drivers/STM32F1xx_HAL_Driver/Src/stm32f1xx_hal_adc.o
 .debug_frame   0x00000000000011b4      0x428 ./Drivers/STM32F1xx_HAL_Driver/Src/stm32f1xx_hal_cortex.o
 .debug_frame   0x00000000000015dc      0x208 ./Drivers/STM32F1xx_HAL_Driver/Src/stm32f1xx_hal_dma.o
 .debug_frame   0x00000000000017e4      0x14c ./Drivers/STM32F1xx_HAL_Driver/Src/stm32f1xx_hal_gpio.o
 .debug_frame   0x0000000000001930      0xc84 ./Drivers/STM32F1xx_HAL_Driver/Src/stm32f1xx_hal_i2c.o
 .debug_frame   0x00000000000025b4      0x218 ./Drivers/STM32F1xx_HAL_Driver/Src/stm32f1xx_hal_rcc.o